<html>
<body>
<pre>
<h1>µVision Build Log</h1>
<h2>Tool Versions:</h2>
IDE-Version: ¦ÌVision V5.36.0.0
Copyright (C) 2021 ARM Ltd and ARM Germany GmbH. All rights reserved.
License Information: g g, k, LIC=SDA0P-M9SCD-63RMB-2LQ9X-KLD24-PZCS7
 
Tool Versions:
Toolchain:       MDK-ARM Plus  Version: 5.36.0.0
Toolchain Path:  D:\APP\keil5\ARM\ARMCC\Bin
C Compiler:      Armcc.exe V5.06 update 7 (build 960)
Assembler:       Armasm.exe V5.06 update 7 (build 960)
Linker/Locator:  ArmLink.exe V5.06 update 7 (build 960)
Library Manager: ArmAr.exe V5.06 update 7 (build 960)
Hex Converter:   FromElf.exe V5.06 update 7 (build 960)
CPU DLL:         SARMCM3.DLL V5.36.0.0
Dialog DLL:      DCM.DLL V1.17.3.0
Target DLL:      Segger\JL2CM3.dll V2.99.40.0
Dialog DLL:      TCM.DLL V1.53.0.0
 
<h2>Project:</h2>
D:\code\stm32\super_cap_buck_v3\MDK-ARM\super_cap_buck_v3.uvprojx
Project File Date:  07/12/2022

<h2>Output:</h2>
*** Using Compiler 'V5.06 update 7 (build 960)', folder: 'D:\APP\keil5\ARM\ARMCC\Bin'
Build target 'super_cap_buck_v3'
compiling main.c...
compiling stm32g4xx_hal_msp.c...
compiling tim.c...
compiling usart.c...
compiling stm32g4xx_hal_timebase_tim.c...
compiling fdcan.c...
compiling dac.c...
compiling adc.c...
compiling i2c.c...
compiling gpio.c...
compiling spi.c...
compiling stm32g4xx_it.c...
compiling dma.c...
compiling app_freertos.c...
compiling stm32g4xx_hal_adc.c...
compiling stm32g4xx_hal_adc_ex.c...
compiling stm32g4xx_hal.c...
compiling stm32g4xx_hal_exti.c...
compiling stm32g4xx_hal_flash_ramfunc.c...
compiling stm32g4xx_hal_dma_ex.c...
compiling stm32g4xx_hal_flash.c...
compiling stm32g4xx_hal_gpio.c...
compiling stm32g4xx_hal_pwr.c...
compiling stm32g4xx_hal_rcc.c...
compiling stm32g4xx_hal_cortex.c...
compiling stm32g4xx_hal_dma.c...
compiling stm32g4xx_hal_flash_ex.c...
compiling stm32g4xx_hal_pwr_ex.c...
compiling croutine.c...
compiling event_groups.c...
compiling list.c...
compiling stm32g4xx_hal_rcc_ex.c...
compiling queue.c...
compiling stream_buffer.c...
compiling tasks.c...
compiling timers.c...
compiling heap_4.c...
compiling cmsis_os.c...
compiling port.c...
compiling stm32g4xx_hal_dac.c...
compiling stm32g4xx_hal_dac_ex.c...
compiling stm32g4xx_hal_i2c_ex.c...
compiling stm32g4xx_hal_spi_ex.c...
compiling system_stm32g4xx.c...
compiling stm32g4xx_hal_uart_ex.c...
compiling stm32g4xx_hal_fdcan.c...
compiling stm32g4xx_hal_i2c.c...
compiling stm32g4xx_hal_spi.c...
compiling mppt_alg.c...
USER\Alg\mppt_alg.h(39): warning:  #1-D: last line of file ends without a newline
   #endif
USER\Alg\mppt_alg.c: 1 warning, 0 errors
compiling filter_alg.c...
compiling stm32g4xx_hal_tim_ex.c...
compiling pid_alg.c...
compiling stm32g4xx_hal_uart.c...
compiling Power_Control.c...
USER\Power_Control\Power_Control.c(29): warning:  #223-D: function "osDelay" declared implicitly
  		osDelay(2);
USER\Power_Control\Power_Control.c(77): warning:  #223-D: function "osDelay" declared implicitly
  		osDelay(50);
USER\Power_Control\Power_Control.c(111): warning:  #188-D: enumerated type mixed with another type
   	Communicate_StateEnum temp_State = 0;
USER\Power_Control\Power_Control.c: 3 warnings, 0 errors
compiling stm32g4xx_hal_tim.c...
compiling Decoder.c...
USER\Cap_Control\Error_Handle.h(17): warning:  #1295-D: Deprecated declaration Communicate_Offline_Error_Handle - give arg types
  void Communicate_Offline_Error_Handle();
USER\Cap_Control\Decoder.c(177): warning:  #188-D: enumerated type mixed with another type
  	Cap_Control_State.Chassis_Starting_State = ((rxdata[1]&0x04)>>2) ;
USER\Cap_Control\Decoder.c(178): warning:  #188-D: enumerated type mixed with another type
  	Cap_Control_State.Chassis_Down_State = ((rxdata[1]& 0x02)>>1) ;
USER\Cap_Control\Decoder.c(179): warning:  #188-D: enumerated type mixed with another type
  	Cap_Control_State.Motor_Safety_State = ((rxdata[1]&0x02)>>1);
USER\Cap_Control\Decoder.c(180): warning:  #188-D: enumerated type mixed with another type
  	Cap_Control_State.Chassis_Power_State = ((rxdata[2]&0x04)>>2) || (Adc_Vcc>=20.0f);
USER\Cap_Control\Decoder.c: 5 warnings, 0 errors
compiling Power_Path_Control.c...
compiling Cap_Control.c...
USER\Cap_Control\Cap_Control.c(15): warning:  #188-D: enumerated type mixed with another type
  Cap_Control_Typedef Cap_Control_State = {0,0,0,26,40,22,100,0,0,60,0,9.0f,1,0,0, 0,0,0,1,1,0,0,50};
USER\Cap_Control\Cap_Control.c(15): warning:  #188-D: enumerated type mixed with another type
  Cap_Control_Typedef Cap_Control_State = {0,0,0,26,40,22,100,0,0,60,0,9.0f,1,0,0, 0,0,0,1,1,0,0,50};
USER\Cap_Control\Cap_Control.c(15): warning:  #188-D: enumerated type mixed with another type
  Cap_Control_Typedef Cap_Control_State = {0,0,0,26,40,22,100,0,0,60,0,9.0f,1,0,0, 0,0,0,1,1,0,0,50};
USER\Cap_Control\Cap_Control.c(15): warning:  #188-D: enumerated type mixed with another type
  Cap_Control_Typedef Cap_Control_State = {0,0,0,26,40,22,100,0,0,60,0,9.0f,1,0,0, 0,0,0,1,1,0,0,50};
USER\Cap_Control\Cap_Control.c(15): warning:  #188-D: enumerated type mixed with another type
  Cap_Control_Typedef Cap_Control_State = {0,0,0,26,40,22,100,0,0,60,0,9.0f,1,0,0, 0,0,0,1,1,0,0,50};
USER\Cap_Control\Cap_Control.c(88): warning:  #188-D: enumerated type mixed with another type
  	Cap_Control_State.Motor_Safety_State = 1;
USER\Cap_Control\Cap_Control.c(89): warning:  #188-D: enumerated type mixed with another type
  	Cap_Control_State.Chassis_Power_State = 1;
USER\Cap_Control\Cap_Control.c: 7 warnings, 0 errors
compiling AD8402_Periph.c...
compiling Error_Handle.c...
USER\Cap_Control\Error_Handle.h(17): warning:  #1295-D: Deprecated declaration Communicate_Offline_Error_Handle - give arg types
  void Communicate_Offline_Error_Handle();
USER\Cap_Control\Error_Handle.c(10): warning:  #1035-D: single-precision operand implicitly converted to double-precision
  		if(Adc_Motor<=5.0f && Adc_Current_Motor >= 1.0) {
USER\Cap_Control\Error_Handle.c: 2 warnings, 0 errors
compiling debug_BTlog.c...
compiling boost_Periph.c...
compiling dac_util.c...
compiling fdcan_util.c...
compiling Queue_Str.c...
compiling i2c_util.c...
compiling uart_util.c...
compiling adc_util.c...
compiling oled_periph.c...
compiling font_lib.c...
linking...
Program Size: Code=43520 RO-data=6160 RW-data=736 ZI-data=29672  
FromELF: creating hex file...
"super_cap_buck_v3\super_cap_buck_v3.axf" - 0 Error(s), 18 Warning(s).

<h2>Software Packages used:</h2>

Package Vendor: ARM
                http://www.keil.com/pack/ARM.CMSIS.5.8.0.pack
                ARM.CMSIS.5.8.0
                CMSIS (Common Microcontroller Software Interface Standard)
   * Component: CORE Version: 5.5.0

Package Vendor: Keil
                http://www.keil.com/pack/Keil.STM32G4xx_DFP.1.4.0.pack
                Keil.STM32G4xx_DFP.1.4.0
                STMicroelectronics STM32G4 Series Device Support, Drivers and Examples

<h2>Collection of Component include folders:</h2>
  .\RTE\_super_cap_buck_v3
  D:\APP\keil5\pack\ARM\CMSIS\5.8.0\CMSIS\Core\Include
  D:\APP\keil5\pack\Keil\STM32G4xx_DFP\1.4.0\Drivers\CMSIS\Device\ST\STM32G4xx\Include

<h2>Collection of Component Files used:</h2>

   * Component: ARM::CMSIS:CORE:5.5.0
      Include file:  CMSIS\Core\Include\tz_context.h
Build Time Elapsed:  00:00:55
</pre>
</body>
</html>
