Component: ARM Compiler 5.06 update 7 (build 960) Tool: armlink [4d3601]

==============================================================================

Section Cross References

    startup_stm32g473xx.o(RESET) refers to startup_stm32g473xx.o(STACK) for __initial_sp
    startup_stm32g473xx.o(RESET) refers to startup_stm32g473xx.o(.text) for Reset_Handler
    startup_stm32g473xx.o(RESET) refers to stm32g4xx_it.o(i.NMI_Handler) for NMI_Handler
    startup_stm32g473xx.o(RESET) refers to stm32g4xx_it.o(i.HardFault_Handler) for HardFault_Handler
    startup_stm32g473xx.o(RESET) refers to stm32g4xx_it.o(i.MemManage_Handler) for MemManage_Handler
    startup_stm32g473xx.o(RESET) refers to stm32g4xx_it.o(i.BusFault_Handler) for BusFault_Handler
    startup_stm32g473xx.o(RESET) refers to stm32g4xx_it.o(i.UsageFault_Handler) for UsageFault_Handler
    startup_stm32g473xx.o(RESET) refers to port.o(.emb_text) for SVC_Handler
    startup_stm32g473xx.o(RESET) refers to stm32g4xx_it.o(i.DebugMon_Handler) for DebugMon_Handler
    startup_stm32g473xx.o(RESET) refers to port.o(i.SysTick_Handler) for SysTick_Handler
    startup_stm32g473xx.o(RESET) refers to stm32g4xx_it.o(i.DMA1_Channel1_IRQHandler) for DMA1_Channel1_IRQHandler
    startup_stm32g473xx.o(RESET) refers to stm32g4xx_it.o(i.DMA1_Channel2_IRQHandler) for DMA1_Channel2_IRQHandler
    startup_stm32g473xx.o(RESET) refers to stm32g4xx_it.o(i.DMA1_Channel3_IRQHandler) for DMA1_Channel3_IRQHandler
    startup_stm32g473xx.o(RESET) refers to stm32g4xx_it.o(i.DMA1_Channel4_IRQHandler) for DMA1_Channel4_IRQHandler
    startup_stm32g473xx.o(RESET) refers to stm32g4xx_it.o(i.DMA1_Channel5_IRQHandler) for DMA1_Channel5_IRQHandler
    startup_stm32g473xx.o(RESET) refers to stm32g4xx_it.o(i.ADC1_2_IRQHandler) for ADC1_2_IRQHandler
    startup_stm32g473xx.o(RESET) refers to stm32g4xx_it.o(i.FDCAN1_IT0_IRQHandler) for FDCAN1_IT0_IRQHandler
    startup_stm32g473xx.o(RESET) refers to stm32g4xx_it.o(i.TIM1_BRK_TIM15_IRQHandler) for TIM1_BRK_TIM15_IRQHandler
    startup_stm32g473xx.o(RESET) refers to stm32g4xx_it.o(i.TIM1_UP_TIM16_IRQHandler) for TIM1_UP_TIM16_IRQHandler
    startup_stm32g473xx.o(RESET) refers to stm32g4xx_it.o(i.TIM1_TRG_COM_TIM17_IRQHandler) for TIM1_TRG_COM_TIM17_IRQHandler
    startup_stm32g473xx.o(RESET) refers to stm32g4xx_it.o(i.TIM2_IRQHandler) for TIM2_IRQHandler
    startup_stm32g473xx.o(RESET) refers to stm32g4xx_it.o(i.USART1_IRQHandler) for USART1_IRQHandler
    startup_stm32g473xx.o(RESET) refers to stm32g4xx_it.o(i.USART2_IRQHandler) for USART2_IRQHandler
    startup_stm32g473xx.o(RESET) refers to stm32g4xx_it.o(i.USART3_IRQHandler) for USART3_IRQHandler
    startup_stm32g473xx.o(RESET) refers to stm32g4xx_it.o(i.TIM8_UP_IRQHandler) for TIM8_UP_IRQHandler
    startup_stm32g473xx.o(.text) refers to system_stm32g4xx.o(i.SystemInit) for SystemInit
    startup_stm32g473xx.o(.text) refers to entry.o(.ARM.Collect$$$$00000000) for __main
    main.o(i.HAL_TIM_PeriodElapsedCallback) refers to stm32g4xx_hal.o(i.HAL_IncTick) for HAL_IncTick
    main.o(i.HAL_TIM_PeriodElapsedCallback) refers to cap_control.o(i.Cap_Control_Backflush) for Cap_Control_Backflush
    main.o(i.HAL_TIM_PeriodElapsedCallback) refers to cap_control.o(i.Buck_Control_Pid_Clac) for Buck_Control_Pid_Clac
    main.o(i.HAL_TIM_PeriodElapsedCallback) refers to tim.o(.bss) for htim15
    main.o(i.SystemClock_Config) refers to memseta.o(.text) for __aeabi_memclr4
    main.o(i.SystemClock_Config) refers to stm32g4xx_hal_pwr_ex.o(i.HAL_PWREx_ControlVoltageScaling) for HAL_PWREx_ControlVoltageScaling
    main.o(i.SystemClock_Config) refers to stm32g4xx_hal_rcc.o(i.HAL_RCC_OscConfig) for HAL_RCC_OscConfig
    main.o(i.SystemClock_Config) refers to main.o(i.Error_Handler) for Error_Handler
    main.o(i.SystemClock_Config) refers to stm32g4xx_hal_rcc.o(i.HAL_RCC_ClockConfig) for HAL_RCC_ClockConfig
    main.o(i.main) refers to stm32g4xx_hal.o(i.HAL_Init) for HAL_Init
    main.o(i.main) refers to main.o(i.SystemClock_Config) for SystemClock_Config
    main.o(i.main) refers to dma.o(i.MX_DMA_Init) for MX_DMA_Init
    main.o(i.main) refers to gpio.o(i.MX_GPIO_Init) for MX_GPIO_Init
    main.o(i.main) refers to adc.o(i.MX_ADC1_Init) for MX_ADC1_Init
    main.o(i.main) refers to adc.o(i.MX_ADC2_Init) for MX_ADC2_Init
    main.o(i.main) refers to fdcan.o(i.MX_FDCAN1_Init) for MX_FDCAN1_Init
    main.o(i.main) refers to i2c.o(i.MX_I2C1_Init) for MX_I2C1_Init
    main.o(i.main) refers to usart.o(i.MX_USART1_UART_Init) for MX_USART1_UART_Init
    main.o(i.main) refers to usart.o(i.MX_USART2_UART_Init) for MX_USART2_UART_Init
    main.o(i.main) refers to usart.o(i.MX_USART3_UART_Init) for MX_USART3_UART_Init
    main.o(i.main) refers to tim.o(i.MX_TIM16_Init) for MX_TIM16_Init
    main.o(i.main) refers to tim.o(i.MX_TIM15_Init) for MX_TIM15_Init
    main.o(i.main) refers to tim.o(i.MX_TIM1_Init) for MX_TIM1_Init
    main.o(i.main) refers to spi.o(i.MX_SPI2_Init) for MX_SPI2_Init
[...]
    HAL_ADC_ConfigChannel                    0x080020c5   Thumb Code  1250  stm32g4xx_hal_adc.o(i.HAL_ADC_ConfigChannel)
    HAL_ADC_ConvCpltCallback                 0x080025cd   Thumb Code    12  adc_util.o(i.HAL_ADC_ConvCpltCallback)
    HAL_ADC_ConvHalfCpltCallback             0x080025d9   Thumb Code     2  stm32g4xx_hal_adc.o(i.HAL_ADC_ConvHalfCpltCallback)
    HAL_ADC_ErrorCallback                    0x080025db   Thumb Code     2  stm32g4xx_hal_adc.o(i.HAL_ADC_ErrorCallback)
    HAL_ADC_GetValue                         0x080025dd   Thumb Code     8  stm32g4xx_hal_adc.o(i.HAL_ADC_GetValue)
    HAL_ADC_IRQHandler                       0x080025e5   Thumb Code   808  stm32g4xx_hal_adc.o(i.HAL_ADC_IRQHandler)
    HAL_ADC_Init                             0x08002915   Thumb Code   586  stm32g4xx_hal_adc.o(i.HAL_ADC_Init)
    HAL_ADC_LevelOutOfWindowCallback         0x08002b7d   Thumb Code     2  stm32g4xx_hal_adc.o(i.HAL_ADC_LevelOutOfWindowCallback)
    HAL_ADC_MspInit                          0x08002b81   Thumb Code   472  adc.o(i.HAL_ADC_MspInit)
    HAL_ADC_Start_DMA                        0x08002d75   Thumb Code   254  stm32g4xx_hal_adc.o(i.HAL_ADC_Start_DMA)
    HAL_DAC_ConfigChannel                    0x08002e89   Thumb Code   578  stm32g4xx_hal_dac.o(i.HAL_DAC_ConfigChannel)
    HAL_DAC_Init                             0x080030d5   Thumb Code    40  stm32g4xx_hal_dac.o(i.HAL_DAC_Init)
    HAL_DAC_MspInit                          0x080030fd   Thumb Code   102  dac.o(i.HAL_DAC_MspInit)
    HAL_DAC_SetValue                         0x0800316d   Thumb Code    64  stm32g4xx_hal_dac.o(i.HAL_DAC_SetValue)
    HAL_DAC_Start                            0x080031ad   Thumb Code   128  stm32g4xx_hal_dac.o(i.HAL_DAC_Start)
    HAL_DMA_Abort                            0x0800322d   Thumb Code   118  stm32g4xx_hal_dma.o(i.HAL_DMA_Abort)
    HAL_DMA_Abort_IT                         0x080032a3   Thumb Code   148  stm32g4xx_hal_dma.o(i.HAL_DMA_Abort_IT)
    HAL_DMA_IRQHandler                       0x08003337   Thumb Code   254  stm32g4xx_hal_dma.o(i.HAL_DMA_IRQHandler)
    HAL_DMA_Init                             0x08003435   Thumb Code   200  stm32g4xx_hal_dma.o(i.HAL_DMA_Init)
    HAL_DMA_Start                            0x08003505   Thumb Code   114  stm32g4xx_hal_dma.o(i.HAL_DMA_Start)
    HAL_DMA_Start_IT                         0x08003577   Thumb Code   194  stm32g4xx_hal_dma.o(i.HAL_DMA_Start_IT)
    HAL_Delay                                0x08003639   Thumb Code    36  stm32g4xx_hal.o(i.HAL_Delay)
    HAL_FDCAN_ActivateNotification           0x08003661   Thumb Code   290  stm32g4xx_hal_fdcan.o(i.HAL_FDCAN_ActivateNotification)
    HAL_FDCAN_AddMessageToTxFifoQ            0x08003783   Thumb Code   106  stm32g4xx_hal_fdcan.o(i.HAL_FDCAN_AddMessageToTxFifoQ)
    HAL_FDCAN_ConfigFilter                   0x080037ed   Thumb Code   100  stm32g4xx_hal_fdcan.o(i.HAL_FDCAN_ConfigFilter)
    HAL_FDCAN_ConfigGlobalFilter             0x08003851   Thumb Code    60  stm32g4xx_hal_fdcan.o(i.HAL_FDCAN_ConfigGlobalFilter)
    HAL_FDCAN_ErrorCallback                  0x0800388d   Thumb Code     2  stm32g4xx_hal_fdcan.o(i.HAL_FDCAN_ErrorCallback)
    HAL_FDCAN_ErrorStatusCallback            0x0800388f   Thumb Code     2  stm32g4xx_hal_fdcan.o(i.HAL_FDCAN_ErrorStatusCallback)
    HAL_FDCAN_GetRxMessage                   0x08003891   Thumb Code   276  stm32g4xx_hal_fdcan.o(i.HAL_FDCAN_GetRxMessage)
    HAL_FDCAN_HighPriorityMessageCallback    0x080039a9   Thumb Code     2  stm32g4xx_hal_fdcan.o(i.HAL_FDCAN_HighPriorityMessageCallback)
    HAL_FDCAN_IRQHandler                     0x080039ab   Thumb Code   448  stm32g4xx_hal_fdcan.o(i.HAL_FDCAN_IRQHandler)
    HAL_FDCAN_Init                           0x08003b6d   Thumb Code   526  stm32g4xx_hal_fdcan.o(i.HAL_FDCAN_Init)
    HAL_FDCAN_MspInit                        0x08003d85   Thumb Code   184  fdcan.o(i.HAL_FDCAN_MspInit)
    HAL_FDCAN_RxFifo0Callback                0x08003e49   Thumb Code    70  fdcan_util.o(i.HAL_FDCAN_RxFifo0Callback)
    HAL_FDCAN_RxFifo1Callback                0x08003e99   Thumb Code     2  stm32g4xx_hal_fdcan.o(i.HAL_FDCAN_RxFifo1Callback)
    HAL_FDCAN_Start                          0x08003e9b   Thumb Code    46  stm32g4xx_hal_fdcan.o(i.HAL_FDCAN_Start)
    HAL_FDCAN_TimeoutOccurredCallback        0x08003ec9   Thumb Code     2  stm32g4xx_hal_fdcan.o(i.HAL_FDCAN_TimeoutOccurredCallback)
    HAL_FDCAN_TimestampWraparoundCallback    0x08003ecb   Thumb Code     2  stm32g4xx_hal_fdcan.o(i.HAL_FDCAN_TimestampWraparoundCallback)
    HAL_FDCAN_TxBufferAbortCallback          0x08003ecd   Thumb Code     2  stm32g4xx_hal_fdcan.o(i.HAL_FDCAN_TxBufferAbortCallback)
    HAL_FDCAN_TxBufferCompleteCallback       0x08003ecf   Thumb Code     2  stm32g4xx_hal_fdcan.o(i.HAL_FDCAN_TxBufferCompleteCallback)
    HAL_FDCAN_TxEventFifoCallback            0x08003ed1   Thumb Code     2  stm32g4xx_hal_fdcan.o(i.HAL_FDCAN_TxEventFifoCallback)
    HAL_FDCAN_TxFifoEmptyCallback            0x08003ed3   Thumb Code     2  stm32g4xx_hal_fdcan.o(i.HAL_FDCAN_TxFifoEmptyCallback)
    HAL_GPIO_Init                            0x08003ed5   Thumb Code   428  stm32g4xx_hal_gpio.o(i.HAL_GPIO_Init)
    HAL_GPIO_TogglePin                       0x080040a1   Thumb Code    20  stm32g4xx_hal_gpio.o(i.HAL_GPIO_TogglePin)
    HAL_GPIO_WritePin                        0x080040b5   Thumb Code    10  stm32g4xx_hal_gpio.o(i.HAL_GPIO_WritePin)
    HAL_GetTick                              0x080040c1   Thumb Code     6  stm32g4xx_hal.o(i.HAL_GetTick)
    HAL_I2CEx_ConfigAnalogFilter             0x080040cd   Thumb Code   106  stm32g4xx_hal_i2c_ex.o(i.HAL_I2CEx_ConfigAnalogFilter)
    HAL_I2CEx_ConfigDigitalFilter            0x08004137   Thumb Code   104  stm32g4xx_hal_i2c_ex.o(i.HAL_I2CEx_ConfigDigitalFilter)
    HAL_I2C_Init                             0x080041a1   Thumb Code   192  stm32g4xx_hal_i2c.o(i.HAL_I2C_Init)
    HAL_I2C_Master_Transmit                  0x08004265   Thumb Code   344  stm32g4xx_hal_i2c.o(i.HAL_I2C_Master_Transmit)
    HAL_I2C_MspInit                          0x080043c5   Thumb Code   196  i2c.o(i.HAL_I2C_MspInit)
    HAL_IncTick                              0x08004495   Thumb Code    16  stm32g4xx_hal.o(i.HAL_IncTick)
    HAL_Init                                 0x080044ad   Thumb Code    30  stm32g4xx_hal.o(i.HAL_Init)
    HAL_InitTick                             0x080044cd   Thumb Code   136  stm32g4xx_hal_timebase_tim.o(i.HAL_InitTick)
    HAL_MspInit                              0x08004569   Thumb Code    82  stm32g4xx_hal_msp.o(i.HAL_MspInit)
    HAL_NVIC_EnableIRQ                       0x080045c1   Thumb Code    40  stm32g4xx_hal_cortex.o(i.HAL_NVIC_EnableIRQ)
    HAL_NVIC_SetPriority                     0x080045e9   Thumb Code   122  stm32g4xx_hal_cortex.o(i.HAL_NVIC_SetPriority)
    HAL_NVIC_SetPriorityGrouping             0x08004665   Thumb Code    32  stm32g4xx_hal_cortex.o(i.HAL_NVIC_SetPriorityGrouping)
    HAL_PWREx_ControlVoltageScaling          0x0800468d   Thumb Code   268  stm32g4xx_hal_pwr_ex.o(i.HAL_PWREx_ControlVoltageScaling)
    HAL_PWREx_DisableUCPDDeadBattery         0x080047a5   Thumb Code    14  stm32g4xx_hal_pwr_ex.o(i.HAL_PWREx_DisableUCPDDeadBattery)
    HAL_RCCEx_PeriphCLKConfig                0x080047b9   Thumb Code   872  stm32g4xx_hal_rcc_ex.o(i.HAL_RCCEx_PeriphCLKConfig)
    HAL_RCC_ClockConfig                      0x08004b29   Thumb Code   522  stm32g4xx_hal_rcc.o(i.HAL_RCC_ClockConfig)
    HAL_RCC_GetClockConfig                   0x08004d4d   Thumb Code    58  stm32g4xx_hal_rcc.o(i.HAL_RCC_GetClockConfig)
    HAL_RCC_GetHCLKFreq                      0x08004d91   Thumb Code     6  stm32g4xx_hal_rcc.o(i.HAL_RCC_GetHCLKFreq)
    HAL_RCC_GetPCLK1Freq                     0x08004d9d   Thumb Code    26  stm32g4xx_hal_rcc.o(i.HAL_RCC_GetPCLK1Freq)
    HAL_RCC_GetPCLK2Freq                     0x08004dc1   Thumb Code    26  stm32g4xx_hal_rcc.o(i.HAL_RCC_GetPCLK2Freq)
    HAL_RCC_GetSysClockFreq                  0x08004de5   Thumb Code   138  stm32g4xx_hal_rcc.o(i.HAL_RCC_GetSysClockFreq)
    HAL_RCC_OscConfig                        0x08004e7d   Thumb Code  1370  stm32g4xx_hal_rcc.o(i.HAL_RCC_OscConfig)
    HAL_SPI_Init                             0x080053e5   Thumb Code   252  stm32g4xx_hal_spi.o(i.HAL_SPI_Init)
    HAL_SPI_MspInit                          0x080054e1   Thumb Code   108  spi.o(i.HAL_SPI_MspInit)
    HAL_SPI_Transmit                         0x08005559   Thumb Code   490  stm32g4xx_hal_spi.o(i.HAL_SPI_Transmit)
    HAL_SYSCFG_DisableVREFBUF                0x08005745   Thumb Code    14  stm32g4xx_hal.o(i.HAL_SYSCFG_DisableVREFBUF)
    HAL_SYSCFG_VREFBUF_HighImpedanceConfig   0x08005759   Thumb Code    16  stm32g4xx_hal.o(i.HAL_SYSCFG_VREFBUF_HighImpedanceConfig)
    HAL_TIMEx_Break2Callback                 0x0800576d   Thumb Code     2  stm32g4xx_hal_tim_ex.o(i.HAL_TIMEx_Break2Callback)
    HAL_TIMEx_BreakCallback                  0x0800576f   Thumb Code     2  stm32g4xx_hal_tim_ex.o(i.HAL_TIMEx_BreakCallback)
    HAL_TIMEx_CommutCallback                 0x08005771   Thumb Code     2  stm32g4xx_hal_tim_ex.o(i.HAL_TIMEx_CommutCallback)
    HAL_TIMEx_DirectionChangeCallback        0x08005773   Thumb Code     2  stm32g4xx_hal_tim_ex.o(i.HAL_TIMEx_DirectionChangeCallback)
    HAL_TIMEx_EncoderIndexCallback           0x08005775   Thumb Code     2  stm32g4xx_hal_tim_ex.o(i.HAL_TIMEx_EncoderIndexCallback)
    HAL_TIMEx_IndexErrorCallback             0x08005777   Thumb Code     2  stm32g4xx_hal_tim_ex.o(i.HAL_TIMEx_IndexErrorCallback)
    HAL_TIMEx_MasterConfigSynchronization    0x08005779   Thumb Code   158  stm32g4xx_hal_tim_ex.o(i.HAL_TIMEx_MasterConfigSynchronization)
    HAL_TIMEx_TransitionErrorCallback        0x08005831   Thumb Code     2  stm32g4xx_hal_tim_ex.o(i.HAL_TIMEx_TransitionErrorCallback)
    HAL_TIM_Base_Init                        0x08005833   Thumb Code   110  stm32g4xx_hal_tim.o(i.HAL_TIM_Base_Init)
    HAL_TIM_Base_MspInit                     0x080058a1   Thumb Code   306  tim.o(i.HAL_TIM_Base_MspInit)
    HAL_TIM_Base_Start                       0x080059e9   Thumb Code   118  stm32g4xx_hal_tim.o(i.HAL_TIM_Base_Start)
    HAL_TIM_Base_Start_IT                    0x08005a79   Thumb Code   130  stm32g4xx_hal_tim.o(i.HAL_TIM_Base_Start_IT)
    HAL_TIM_ConfigClockSource                0x08005b15   Thumb Code   300  stm32g4xx_hal_tim.o(i.HAL_TIM_ConfigClockSource)
    HAL_TIM_IC_CaptureCallback               0x08005c49   Thumb Code     2  stm32g4xx_hal_tim.o(i.HAL_TIM_IC_CaptureCallback)
    HAL_TIM_IRQHandler                       0x08005c4b   Thumb Code   576  stm32g4xx_hal_tim.o(i.HAL_TIM_IRQHandler)
    HAL_TIM_OC_DelayElapsedCallback          0x08005e8b   Thumb Code     2  stm32g4xx_hal_tim.o(i.HAL_TIM_OC_DelayElapsedCallback)
    HAL_TIM_PWM_PulseFinishedCallback        0x08005e8d   Thumb Code     2  stm32g4xx_hal_tim.o(i.HAL_TIM_PWM_PulseFinishedCallback)
    HAL_TIM_PeriodElapsedCallback            0x08005e91   Thumb Code    46  main.o(i.HAL_TIM_PeriodElapsedCallback)
    HAL_TIM_TriggerCallback                  0x08005ecd   Thumb Code     2  stm32g4xx_hal_tim.o(i.HAL_TIM_TriggerCallback)
    HAL_UARTEx_DisableFifoMode               0x08005ecf   Thumb Code    78  stm32g4xx_hal_uart_ex.o(i.HAL_UARTEx_DisableFifoMode)
    HAL_UARTEx_RxEventCallback               0x08005f1d   Thumb Code     2  stm32g4xx_hal_uart.o(i.HAL_UARTEx_RxEventCallback)
    HAL_UARTEx_RxFifoFullCallback            0x08005f1f   Thumb Code     2  stm32g4xx_hal_uart_ex.o(i.HAL_UARTEx_RxFifoFullCallback)
    HAL_UARTEx_SetRxFifoThreshold            0x08005f21   Thumb Code    94  stm32g4xx_hal_uart_ex.o(i.HAL_UARTEx_SetRxFifoThreshold)
    HAL_UARTEx_SetTxFifoThreshold            0x08005f7f   Thumb Code    94  stm32g4xx_hal_uart_ex.o(i.HAL_UARTEx_SetTxFifoThreshold)
    HAL_UARTEx_TxFifoEmptyCallback           0x08005fdd   Thumb Code     2  stm32g4xx_hal_uart_ex.o(i.HAL_UARTEx_TxFifoEmptyCallback)
    HAL_UARTEx_WakeupCallback                0x08005fdf   Thumb Code     2  stm32g4xx_hal_uart_ex.o(i.HAL_UARTEx_WakeupCallback)
    HAL_UART_ErrorCallback                   0x08005fe1   Thumb Code     2  stm32g4xx_hal_uart.o(i.HAL_UART_ErrorCallback)
    HAL_UART_GetState                        0x08005fe3   Thumb Code    16  stm32g4xx_hal_uart.o(i.HAL_UART_GetState)
    HAL_UART_IRQHandler                      0x08005ff5   Thumb Code   898  stm32g4xx_hal_uart.o(i.HAL_UART_IRQHandler)
    HAL_UART_Init                            0x08006385   Thumb Code   120  stm32g4xx_hal_uart.o(i.HAL_UART_Init)
    HAL_UART_MspInit                         0x080063fd   Thumb Code   582  usart.o(i.HAL_UART_MspInit)
    HAL_UART_Transmit_IT                     0x08006669   Thumb Code   198  stm32g4xx_hal_uart.o(i.HAL_UART_Transmit_IT)
    HAL_UART_TxCpltCallback                  0x08006741   Thumb Code     2  stm32g4xx_hal_uart.o(i.HAL_UART_TxCpltCallback)
    HardFault_Handler                        0x08006743   Thumb Code     4  stm32g4xx_it.o(i.HardFault_Handler)
    I2c_ErrorHandler                         0x080069ff   Thumb Code     6  i2c_util.o(i.I2c_ErrorHandler)
    I2c_MasterSendMessage                    0x08006a05   Thumb Code    52  i2c_util.o(i.I2c_MasterSendMessage)
    MX_ADC1_Init                             0x08006b25   Thumb Code   224  adc.o(i.MX_ADC1_Init)
    MX_ADC2_Init                             0x08006c19   Thumb Code   192  adc.o(i.MX_ADC2_Init)
    MX_DAC1_Init                             0x08006ced   Thumb Code    84  dac.o(i.MX_DAC1_Init)
    MX_DMA_Init                              0x08006d49   Thumb Code   138  dma.o(i.MX_DMA_Init)
    MX_FDCAN1_Init                           0x08006dd9   Thumb Code    82  fdcan.o(i.MX_FDCAN1_Init)
    MX_FREERTOS_Init                         0x08006e35   Thumb Code   246  app_freertos.o(i.MX_FREERTOS_Init)
    MX_GPIO_Init                             0x08006f59   Thumb Code   234  gpio.o(i.MX_GPIO_Init)
    MX_I2C1_Init                             0x08007051   Thumb Code    74  i2c.o(i.MX_I2C1_Init)
    MX_SPI2_Init                             0x080070a9   Thumb Code    74  spi.o(i.MX_SPI2_Init)
    MX_TIM15_Init                            0x080070fd   Thumb Code   102  tim.o(i.MX_TIM15_Init)
    MX_TIM16_Init                            0x0800716d   Thumb Code    42  tim.o(i.MX_TIM16_Init)
    MX_TIM1_Init                             0x080071a1   Thumb Code   106  tim.o(i.MX_TIM1_Init)
    MX_TIM2_Init                             0x08007215   Thumb Code   104  tim.o(i.MX_TIM2_Init)
    MX_TIM8_Init                             0x08007281   Thumb Code   106  tim.o(i.MX_TIM8_Init)
    MX_USART1_UART_Init                      0x080072f5   Thumb Code    98  usart.o(i.MX_USART1_UART_Init)
    MX_USART2_UART_Init                      0x08007361   Thumb Code    98  usart.o(i.MX_USART2_UART_Init)
    MX_USART3_UART_Init                      0x080073cd   Thumb Code    98  usart.o(i.MX_USART3_UART_Init)
    MemManage_Handler                        0x08007439   Thumb Code     4  stm32g4xx_it.o(i.MemManage_Handler)
    Motor_Error_Handle                       0x0800743d   Thumb Code    52  error_handle.o(i.Motor_Error_Handle)
    NMI_Handler                              0x08007479   Thumb Code     4  stm32g4xx_it.o(i.NMI_Handler)
    OLED_Clear                               0x0800747d   Thumb Code    18  oled_periph.o(i.OLED_Clear)
    OLED_DisplayLogo                         0x08007495   Thumb Code   116  oled_periph.o(i.OLED_DisplayLogo)
    OLED_DrawPoint                           0x0800750d   Thumb Code   134  oled_periph.o(i.OLED_DrawPoint)
    OLED_OperateGram                         0x08007599   Thumb Code    80  oled_periph.o(i.OLED_OperateGram)
    OLED_RefreshGram                         0x080075ed   Thumb Code    50  oled_periph.o(i.OLED_RefreshGram)
    OLED_SetPos                              0x08007625   Thumb Code    42  oled_periph.o(i.OLED_SetPos)
    OLED_ShowChar                            0x08007651   Thumb Code   142  oled_periph.o(i.OLED_ShowChar)
    OLED_ShowString                          0x080076e5   Thumb Code    48  oled_periph.o(i.OLED_ShowString)
    OLED_init                                0x08007715   Thumb Code   228  oled_periph.o(i.OLED_init)
    Oled_Writebyte                           0x080077f9   Thumb Code    42  oled_periph.o(i.Oled_Writebyte)
    PID_ClacPID                              0x0800782d   Thumb Code   218  pid_alg.o(i.PID_ClacPID)
    PID_GetPIDOutput                         0x08007907   Thumb Code     6  pid_alg.o(i.PID_GetPIDOutput)
    PID_InitPID                              0x0800790d   Thumb Code    50  pid_alg.o(i.PID_InitPID)
    PID_SetPIDFdb                            0x08007945   Thumb Code     6  pid_alg.o(i.PID_SetPIDFdb)
    PID_SetPIDRef                            0x0800794b   Thumb Code     6  pid_alg.o(i.PID_SetPIDRef)
    Power_Control_SendMessage_Can            0x08007951   Thumb Code   142  power_control.o(i.Power_Control_SendMessage_Can)
    Power_Control_SendMessage_Uart           0x080079f5   Thumb Code   154  power_control.o(i.Power_Control_SendMessage_Uart)
    Power_Switch_Decoder                     0x08007aad   Thumb Code   408  decoder.o(i.Power_Switch_Decoder)
    Queue_Init                               0x08007c91   Thumb Code    12  queue_str.o(i.Queue_Init)
    Queue_Push                               0x08007c9d   Thumb Code   122  queue_str.o(i.Queue_Push)
    Short_Circuit_Error_Handle               0x08007fb5   Thumb Code    12  error_handle.o(i.Short_Circuit_Error_Handle)
    Soft_Start                               0x08007fc1   Thumb Code    40  cap_control.o(i.Soft_Start)
    StartDefaultTask                         0x08007fed   Thumb Code    10  app_freertos.o(i.StartDefaultTask)
    SysTick_Handler                          0x08007ff9   Thumb Code    46  port.o(i.SysTick_Handler)
    SystemClock_Config                       0x0800802d   Thumb Code   106  main.o(i.SystemClock_Config)
    SystemInit                               0x08008099   Thumb Code    14  system_stm32g4xx.o(i.SystemInit)
    TIM1_BRK_TIM15_IRQHandler                0x080080ad   Thumb Code    16  stm32g4xx_it.o(i.TIM1_BRK_TIM15_IRQHandler)
    TIM1_TRG_COM_TIM17_IRQHandler            0x080080c5   Thumb Code    16  stm32g4xx_it.o(i.TIM1_TRG_COM_TIM17_IRQHandler)
    TIM1_UP_TIM16_IRQHandler                 0x080080dd   Thumb Code    16  stm32g4xx_it.o(i.TIM1_UP_TIM16_IRQHandler)
    TIM2_IRQHandler                          0x080080f5   Thumb Code    10  stm32g4xx_it.o(i.TIM2_IRQHandler)
    TIM8_UP_IRQHandler                       0x08008105   Thumb Code    10  stm32g4xx_it.o(i.TIM8_UP_IRQHandler)
    TIM_Base_SetConfig                       0x08008115   Thumb Code   158  stm32g4xx_hal_tim.o(i.TIM_Base_SetConfig)
    TIM_ETR_SetConfig                        0x080081d1   Thumb Code    22  stm32g4xx_hal_tim.o(i.TIM_ETR_SetConfig)
    Task_BlueTooth                           0x08008251   Thumb Code    70  error_handle.o(i.Task_BlueTooth)
    Task_Boost_Control                       0x080082a5   Thumb Code    22  boost_periph.o(i.Task_Boost_Control)
    Task_CapBuckControl                      0x080082c1   Thumb Code   626  cap_control.o(i.Task_CapBuckControl)
    Task_Error_Detect                        0x08008585   Thumb Code   248  error_handle.o(i.Task_Error_Detect)
    Task_Feed_Dog                            0x080086a1   Thumb Code    10  cap_control.o(i.Task_Feed_Dog)
    Task_Ledshine                            0x080086ad   Thumb Code   166  cap_control.o(i.Task_Ledshine)
    Task_Oled_Show                           0x08008761   Thumb Code   264  oled_periph.o(i.Task_Oled_Show)
    Task_Power_Control                       0x080088d9   Thumb Code   104  power_control.o(i.Task_Power_Control)
    Task_Ref_Power_Limit                     0x08008965   Thumb Code   290  power_control.o(i.Task_Ref_Power_Limit)
    UART_AdvFeatureConfig                    0x08008afd   Thumb Code   248  stm32g4xx_hal_uart.o(i.UART_AdvFeatureConfig)
    UART_CheckIdleState                      0x08008bf5   Thumb Code   118  stm32g4xx_hal_uart.o(i.UART_CheckIdleState)
    UART_SetConfig                           0x08008d21   Thumb Code   858  stm32g4xx_hal_uart.o(i.UART_SetConfig)
    UART_WaitOnFlagUntilTimeout              0x08009263   Thumb Code   254  stm32g4xx_hal_uart.o(i.UART_WaitOnFlagUntilTimeout)
    USART1_IRQHandler                        0x08009361   Thumb Code    16  stm32g4xx_it.o(i.USART1_IRQHandler)
    USART2_IRQHandler                        0x08009375   Thumb Code    16  stm32g4xx_it.o(i.USART2_IRQHandler)
    USART3_IRQHandler                        0x08009389   Thumb Code    16  stm32g4xx_it.o(i.USART3_IRQHandler)
    Uart_DMACurrentDataCounter               0x0800939d   Thumb Code     8  uart_util.o(i.Uart_DMACurrentDataCounter)
    Uart_DMA_Init                            0x080093a5   Thumb Code    20  uart_util.o(i.Uart_DMA_Init)
    Uart_ReceiveDMA                          0x080093b9   Thumb Code    72  uart_util.o(i.Uart_ReceiveDMA)
    Uart_ReceiveHandler                      0x08009401   Thumb Code    72  uart_util.o(i.Uart_ReceiveHandler)
    Uart_RxIdCallback                        0x08009449   Thumb Code    58  uart_util.o(i.Uart_RxIdCallback)
    UsageFault_Handler                       0x08009491   Thumb Code     4  stm32g4xx_it.o(i.UsageFault_Handler)
    __0sprintf                               0x08009495   Thumb Code    34  printfa.o(i.__0sprintf)
    __1sprintf                               0x08009495   Thumb Code     0  printfa.o(i.__0sprintf)
    __2sprintf                               0x08009495   Thumb Code     0  printfa.o(i.__0sprintf)
    __c89sprintf                             0x08009495   Thumb Code     0  printfa.o(i.__0sprintf)
    sprintf                                  0x08009495   Thumb Code     0  printfa.o(i.__0sprintf)
    __scatterload_copy                       0x080094f5   Thumb Code    14  handlers.o(i.__scatterload_copy)
    __scatterload_null                       0x08009503   Thumb Code     2  handlers.o(i.__scatterload_null)
    __scatterload_zeroinit                   0x08009505   Thumb Code    14  handlers.o(i.__scatterload_zeroinit)
    lowpass_filter                           0x08009da9   Thumb Code    50  filter_alg.o(i.lowpass_filter)
    main                                     0x08009ddb   Thumb Code    92  main.o(i.main)
    osDelay                                  0x08009e45   Thumb Code    24  cmsis_os.o(i.osDelay)
    osKernelStart                            0x08009e5d   Thumb Code    10  cmsis_os.o(i.osKernelStart)
    osThreadCreate                           0x08009e67   Thumb Code    48  cmsis_os.o(i.osThreadCreate)
    pvPortMalloc                             0x0800a2dd   Thumb Code   306  heap_4.o(i.pvPortMalloc)
    pxPortInitialiseStack                    0x0800a429   Thumb Code    38  port.o(i.pxPortInitialiseStack)
    uxListRemove                             0x0800a455   Thumb Code    40  list.o(i.uxListRemove)
    vListInitialise                          0x0800a47d   Thumb Code    26  list.o(i.vListInitialise)
    vListInitialiseItem                      0x0800a497   Thumb Code     6  list.o(i.vListInitialiseItem)
    vListInsert                              0x0800a49d   Thumb Code    52  list.o(i.vListInsert)
    vListInsertEnd                           0x0800a4d1   Thumb Code    24  list.o(i.vListInsertEnd)
    vPortEnterCritical                       0x0800a4e9   Thumb Code    76  port.o(i.vPortEnterCritical)
    vPortExitCritical                        0x0800a53d   Thumb Code    56  port.o(i.vPortExitCritical)
    vPortFree                                0x0800a579   Thumb Code   150  heap_4.o(i.vPortFree)
    vPortSetupTimerInterrupt                 0x0800a61d   Thumb Code    36  port.o(i.vPortSetupTimerInterrupt)
    vTaskDelay                               0x0800a645   Thumb Code    82  tasks.o(i.vTaskDelay)
    vTaskStartScheduler                      0x0800a6a1   Thumb Code   108  tasks.o(i.vTaskStartScheduler)
    vTaskSuspendAll                          0x0800a729   Thumb Code    12  tasks.o(i.vTaskSuspendAll)
    vTaskSwitchContext                       0x0800a739   Thumb Code   118  tasks.o(i.vTaskSwitchContext)
    xPortStartScheduler                      0x0800a7c5   Thumb Code   330  port.o(i.xPortStartScheduler)
    xTaskCreate                              0x0800a92d   Thumb Code    96  tasks.o(i.xTaskCreate)
    xTaskIncrementTick                       0x0800a98d   Thumb Code   282  tasks.o(i.xTaskIncrementTick)
    xTaskResumeAll                           0x0800aad5   Thumb Code   224  tasks.o(i.xTaskResumeAll)
    UARTPrescTable                           0x0800acb0   Data          24  stm32g4xx_hal_uart.o(.constdata)
    AHBPrescTable                            0x0800acd8   Data          16  system_stm32g4xx.o(.constdata)
    APBPrescTable                            0x0800ace8   Data           8  system_stm32g4xx.o(.constdata)
    asc2_1206                                0x0800acf0   Data        1140  font_lib.o(.constdata)
    OLED_SUB                                 0x0800b164   Data        1024  font_lib.o(.constdata)
    OLED_SUR                                 0x0800b564   Data        1024  font_lib.o(.constdata)
    OLED_BEAR                                0x0800b964   Data        1024  font_lib.o(.constdata)
    OLED_LOGO_RM                             0x0800bd64   Data        1024  font_lib.o(.constdata)
    Region$$Table$$Base                      0x0800c1f0   Number         0  anon$$obj.o(Region$$Table)
    Region$$Table$$Limit                     0x0800c210   Number         0  anon$$obj.o(Region$$Table)
    defaultTaskHandle                        0x20000000   Data           4  app_freertos.o(.data)
    LedshineHandle                           0x20000004   Data           4  app_freertos.o(.data)
    CapBuckControlHandle                     0x20000008   Data           4  app_freertos.o(.data)
    Boost_ControlHandle                      0x2000000c   Data           4  app_freertos.o(.data)
    Ref_Power_LimitHandle                    0x20000010   Data           4  app_freertos.o(.data)
    Power_ControlHandle                      0x20000014   Data           4  app_freertos.o(.data)
    Feed_DogHandle                           0x20000018   Data           4  app_freertos.o(.data)
    Error_DetectHandle                       0x2000001c   Data           4  app_freertos.o(.data)
    BlueToothHandle                          0x20000020   Data           4  app_freertos.o(.data)
    Oled_ShowHandle                          0x20000024   Data           4  app_freertos.o(.data)
    uwTick                                   0x2000002c   Data           4  stm32g4xx_hal.o(.data)
    uwTickPrio                               0x20000030   Data           4  stm32g4xx_hal.o(.data)
    uwTickFreq                               0x20000034   Data           4  stm32g4xx_hal.o(.data)
    SystemCoreClock                          0x20000038   Data           4  system_stm32g4xx.o(.data)
    pxCurrentTCB                             0x2000003c   Data           4  tasks.o(.data)
    offline_temp                             0x200000a4   Data           1  power_control.o(.data)
    temp_State                               0x200000a5   Data           1  power_control.o(.data)
    counter                                  0x200000a8   Data           4  power_control.o(.data)
    Cap_Control_State                        0x200000ac   Data          92  cap_control.o(.data)
    Cap_Max_Voltage                          0x20000108   Data           4  cap_control.o(.data)
    charging_offset                          0x2000010c   Data           4  cap_control.o(.data)
    Dac_Now                                  0x20000110   Data           4  cap_control.o(.data)
    backflush_current                        0x20000114   Data           4  cap_control.o(.data)
    backflush_voltage                        0x20000118   Data           4  cap_control.o(.data)
    counting_flag                            0x2000011c   Data           1  cap_control.o(.data)
    sum_charging_energy                      0x20000120   Data           4  cap_control.o(.data)
    sum_motor_energy                         0x20000124   Data           4  cap_control.o(.data)
    BackFlush_State                          0x20000128   Data           1  cap_control.o(.data)
    Cap_Control_Buck_Data                    0x2000012a   Data           2  cap_control.o(.data)
    Max_En                                   0x2000012c   Data           1  cap_control.o(.data)
    Disable_Limit                            0x20000130   Data           4  cap_control.o(.data)
    timing_num                               0x20000134   Data           1  cap_control.o(.data)
    Cap_Charging_Power_Val_2                 0x20000138   Data           4  cap_control.o(.data)
    Cap_Chargingpidparam                     0x2000013c   Data          20  cap_control.o(.data)
    Judge_BufferPowerpidparam                0x20000150   Data          20  cap_control.o(.data)
    Ref_State                                0x20000164   Data           1  cap_control.o(.data)
    adding_param                             0x20000168   Data           4  cap_control.o(.data)
    Dac_Min                                  0x2000016c   Data           4  cap_control.o(.data)
    Dac_Max                                  0x20000170   Data           4  cap_control.o(.data)
    Dac_Vcc_Change                           0x20000174   Data           4  cap_control.o(.data)
    Cap_Charging_MinEfficency                0x20000178   Data           4  cap_control.o(.data)
    lowpass_param                            0x2000017c   Data           4  cap_control.o(.data)
    tick_deta                                0x20000180   Data           4  cap_control.o(.data)
    Cap_State_Power_Offset                   0x20000184   Data           4  cap_control.o(.data)
    Jduge_State_Power_Offset                 0x20000188   Data           4  cap_control.o(.data)
    res_down                                 0x2000018c   Data           4  decoder.o(.data)
    res_up                                   0x20000190   Data           4  decoder.o(.data)
    Adc_Vcc                                  0x20000194   Data           4  decoder.o(.data)
    Adc_Cap                                  0x20000198   Data           4  decoder.o(.data)
    Adc_Current_In                           0x2000019c   Data           4  decoder.o(.data)
    Adc_Current_Motor                        0x200001a0   Data           4  decoder.o(.data)
    Adc_Motor                                0x200001a4   Data           4  decoder.o(.data)
    Adc_Source                               0x200001a8   Data           4  decoder.o(.data)
    Adc_Boost                                0x200001ac   Data           4  decoder.o(.data)
    Adc_current_motor_lowpass                0x200001b0   Data           4  decoder.o(.data)
    Cap_Charging_Power                       0x200001b4   Data           4  decoder.o(.data)
    Cap_Charging_Power_Val                   0x200001b8   Data           4  decoder.o(.data)
    Cap_Charging_Power_Avg                   0x200001bc   Data           4  decoder.o(.data)
    Cap_Charging_Power_Avg_2                 0x200001c0   Data           4  decoder.o(.data)
    current_last_val                         0x200001c4   Data           4  decoder.o(.data)
    Motor_Power                              0x200001c8   Data           4  decoder.o(.data)
    Sum_Power                                0x200001cc   Data           4  decoder.o(.data)
    Offset_Array                             0x200001d0   Data          40  decoder.o(.data)
    CurrentIn_Offset                         0x200001f8   Data           4  decoder.o(.data)
    CurrentMotor_Offset                      0x200001fc   Data           4  decoder.o(.data)
    Adc_Vcc_Offset                           0x20000200   Data           4  decoder.o(.data)
    Adc_Cap_Offset                           0x20000204   Data           4  decoder.o(.data)
    Adc_Motor_Offset                         0x20000208   Data           4  decoder.o(.data)
    Adc_Out                                  0x2000020c   Data           4  decoder.o(.data)
    Adc_Current                              0x20000210   Data           4  decoder.o(.data)
    Adc_Ref                                  0x20000214   Data           4  decoder.o(.data)
    Adc_Current_Filter                       0x20000218   Data          12  decoder.o(.data)
    Adc_Cap_Filter                           0x20000224   Data          12  decoder.o(.data)
    Adc_Vcc_Filter                           0x20000230   Data          12  decoder.o(.data)
    Adc_Current_Motor_Filter                 0x2000023c   Data          12  decoder.o(.data)
    Adc_Motor_Filter                         0x20000248   Data          12  decoder.o(.data)
    Dac_Current_Filter                       0x20000254   Data          12  decoder.o(.data)
    Adc_Source_Filter                        0x20000260   Data          12  decoder.o(.data)
    Adc_Boost_Filter                         0x2000026c   Data          12  decoder.o(.data)
    Adc_Current_motor_kalman_filter          0x20000278   Data          32  decoder.o(.data)
    AD8402_Periph_DATA                       0x20000298   Data           4  ad8402_periph.o(.data)
    AD8402_Periph_Ohm                        0x2000029c   Data           8  ad8402_periph.o(.data)
    Boost_BoostDataHandler                   0x200002a4   Data          12  boost_periph.o(.data)
    Const_BTlog_UART_HANDLER                 0x200002b0   Data           4  debug_btlog.o(.data)
    BTlog_state_pending                      0x200002b4   Data           1  debug_btlog.o(.data)
    BTlog_state_sending                      0x200002b5   Data           1  debug_btlog.o(.data)
    BTlog_startFlag                          0x200002b6   Data           1  debug_btlog.o(.data)
    BTlog_endFlag                            0x200002b7   Data           4  debug_btlog.o(.data)
    BTlog_Recv_endFlag                       0x200002bb   Data           1  debug_btlog.o(.data)
    BTlog_TX_BUFF_LEN                        0x200002bc   Data           2  debug_btlog.o(.data)
    BTlog_TX_DATA_LEN                        0x200002be   Data           2  debug_btlog.o(.data)
    BTlog_RX_BUFF_LEN                        0x200002c0   Data           2  debug_btlog.o(.data)
    BTlog_RX_DATA_LEN                        0x200002c2   Data           2  debug_btlog.o(.data)
    BTlog_time                               0x200002c4   Data           4  debug_btlog.o(.data)
    Const_OLED_I2C_HANDLER                   0x200002cc   Data           4  oled_periph.o(.data)
    has_start                                0x200002d0   Data           1  oled_periph.o(.data)
    cmd_data                                 0x200002d1   Data           2  oled_periph.o(.data)
    hadc1                                    0x200002e0   Data         108  adc.o(.bss)
    hadc2                                    0x2000034c   Data         108  adc.o(.bss)
    hdma_adc1                                0x200003b8   Data          96  adc.o(.bss)
    hdma_adc2                                0x20000418   Data          96  adc.o(.bss)
    hdac1                                    0x20000478   Data          20  dac.o(.bss)
    hfdcan1                                  0x2000048c   Data         100  fdcan.o(.bss)
    hi2c1                                    0x200004f0   Data          76  i2c.o(.bss)
    hspi2                                    0x2000053c   Data         100  spi.o(.bss)
    htim1                                    0x200005a0   Data          76  tim.o(.bss)
    htim2                                    0x200005ec   Data          76  tim.o(.bss)
    htim8                                    0x20000638   Data          76  tim.o(.bss)
    htim15                                   0x20000684   Data          76  tim.o(.bss)
    htim16                                   0x200006d0   Data          76  tim.o(.bss)
    huart1                                   0x2000071c   Data         144  usart.o(.bss)
    huart2                                   0x200007ac   Data         144  usart.o(.bss)
    huart3                                   0x2000083c   Data         144  usart.o(.bss)
    hdma_usart1_rx                           0x200008cc   Data          96  usart.o(.bss)
    hdma_usart2_rx                           0x2000092c   Data          96  usart.o(.bss)
    hdma_usart3_rx                           0x2000098c   Data          96  usart.o(.bss)
    htim17                                   0x200009ec   Data          76  stm32g4xx_hal_timebase_tim.o(.bss)
    txdata_uart                              0x20005948   Data          20  power_control.o(.bss)
    Uart2_Board_Community_Buffer             0x2000595c   Data          24  cap_control.o(.bss)
    Uart3_Board_Community_Buffer             0x20005974   Data          24  cap_control.o(.bss)
    Cap_CapChargingPid                       0x2000598c   Data          36  cap_control.o(.bss)
    Judge_BufferPowerPid                     0x200059b0   Data          36  cap_control.o(.bss)
    Adc_Vcc_Val                              0x200059d4   Data          20  decoder.o(.bss)
    Adc_Cap_Val                              0x200059e8   Data          20  decoder.o(.bss)
    Adc_Current_In_Val                       0x200059fc   Data          20  decoder.o(.bss)
    Adc_Current_Motor_Val                    0x20005a10   Data          20  decoder.o(.bss)
    Adc_Motor_Val                            0x20005a24   Data          20  decoder.o(.bss)
    Adc_Source_Val                           0x20005a38   Data          20  decoder.o(.bss)
    Adc_Boost_Val                            0x20005a4c   Data          20  decoder.o(.bss)
    motor_power_queue                        0x20005a60   Data         812  decoder.o(.bss)
    BTlog_RxData                             0x20005d8c   Data         500  debug_btlog.o(.bss)
    BTlog_TxData                             0x20005f80   Data         500  debug_btlog.o(.bss)
    BTlog_Send_Data                          0x20006174   Data        1400  debug_btlog.o(.bss)
    BTlog_Recv_Data                          0x200066ec   Data        1400  debug_btlog.o(.bss)
    OLED_GRAM                                0x20006c64   Data        1024  oled_periph.o(.bss)
    Adc_Judge_To_Char                        0x20007064   Data          15  oled_periph.o(.bss)
    Adc_Motor_To_Char                        0x20007073   Data          15  oled_periph.o(.bss)
    JudgePower_To_Char                       0x20007082   Data          15  oled_periph.o(.bss)
    Adc_Val                                  0x20007114   Data          80  adc_util.o(.bss)
    Adc_Sum_Val                              0x20007164   Data          80  adc_util.o(.bss)
    Adc_Val_2                                0x200071b4   Data          60  adc_util.o(.bss)
    Adc_Sum_Val_2                            0x200071f0   Data          60  adc_util.o(.bss)
    current_hdac                             0x2000722c   Data          20  dac_util.o(.bss)
    ptxhead                                  0x20007240   Data          36  fdcan_util.o(.bss)
    txhead                                   0x20007264   Data          36  fdcan_util.o(.bss)
    RxData                                   0x20007288   Data          64  fdcan_util.o(.bss)
    __initial_sp                             0x200076c8   Data           0  startup_stm32g473xx.o(STACK)



==============================================================================

Memory Map of the image

  Image Entry point : 0x080001d9

  Load Region LR_IROM1 (Base: 0x08000000, Size: 0x0000c4f0, Max: 0x00020000, ABSOLUTE, COMPRESSED[0x0000c2c8])

    Execution Region ER_IROM1 (Exec base: 0x08000000, Load base: 0x08000000, Size: 0x0000c210, Max: 0x00020000, ABSOLUTE)

    Exec Addr    Load Addr    Size         Type   Attr      Idx    E Section Name        Object

    0x08000000   0x08000000   0x000001d8   Data   RO            3    RESET               startup_stm32g473xx.o
    0x080001d8   0x080001d8   0x00000000   Code   RO         8763  * .ARM.Collect$$$$00000000  mc_w.l(entry.o)
    0x080001d8   0x080001d8   0x00000004   Code   RO         9049    .ARM.Collect$$$$00000001  mc_w.l(entry2.o)
    0x080001dc   0x080001dc   0x00000004   Code   RO         9052    .ARM.Collect$$$$00000004  mc_w.l(entry5.o)
    0x080001e0   0x080001e0   0x00000000   Code   RO         9054    .ARM.Collect$$$$00000008  mc_w.l(entry7b.o)
    0x080001e0   0x080001e0   0x00000000   Code   RO         9056    .ARM.Collect$$$$0000000A  mc_w.l(entry8b.o)
    0x080001e0   0x080001e0   0x00000008   Code   RO         9057    .ARM.Collect$$$$0000000B  mc_w.l(entry9a.o)
    0x080001e8   0x080001e8   0x00000004   Code   RO         9064    .ARM.Collect$$$$0000000E  mc_w.l(entry12b.o)
    0x080001ec   0x080001ec   0x00000000   Code   RO         9059    .ARM.Collect$$$$0000000F  mc_w.l(entry10a.o)
    0x080001ec   0x080001ec   0x00000000   Code   RO         9061    .ARM.Collect$$$$00000011  mc_w.l(entry11a.o)
    0x080001ec   0x080001ec   0x00000004   Code   RO         9050    .ARM.Collect$$$$00002712  mc_w.l(entry2.o)
    0x080001f0   0x080001f0   0x000000be   Code   RO         7544    .emb_text           port.o
    0x080002ae   0x080002ae   0x00000002   PAD
    0x080002b0   0x080002b0   0x00000024   Code   RO            4    .text               startup_stm32g473xx.o
    0x080002d4   0x080002d4   0x00000062   Code   RO         8766    .text               mc_w.l(uldiv.o)
    0x08000336   0x08000336   0x00000024   Code   RO         8768    .text               mc_w.l(memcpya.o)
    0x0800035a   0x0800035a   0x00000024   Code   RO         8772    .text               mc_w.l(memseta.o)
    0x0800037e   0x0800037e   0x000000e4   Code   RO         9037    .text               mf_w.l(dmul.o)
    0x08000462   0x08000462   0x000000de   Code   RO         9039    .text               mf_w.l(ddiv.o)
    0x08000540   0x08000540   0x00000026   Code   RO         9043    .text               mf_w.l(f2d.o)
    0x08000566   0x08000566   0x00000002   PAD
    0x08000568   0x08000568   0x00000030   Code   RO         9045    .text               mf_w.l(cdrcmple.o)
    0x08000598   0x08000598   0x0000002c   Code   RO         9068    .text               mc_w.l(uidiv.o)
    0x080005c4   0x080005c4   0x0000001e   Code   RO         9070    .text               mc_w.l(llshl.o)
    0x080005e2   0x080005e2   0x00000020   Code   RO         9072    .text               mc_w.l(llushr.o)
    0x08000602   0x08000602   0x00000000   Code   RO         9074    .text               mc_w.l(iusefp.o)
    0x08000602   0x08000602   0x000000ba   Code   RO         9077    .text               mf_w.l(depilogue.o)
    0x080006bc   0x080006bc   0x0000014e   Code   RO         9079    .text               mf_w.l(dadd.o)
    0x0800080a   0x0800080a   0x00000030   Code   RO         9081    .text               mf_w.l(dfixul.o)
    0x0800083a   0x0800083a   0x00000002   PAD
    0x0800083c   0x0800083c   0x00000024   Code   RO         9083    .text               mc_w.l(init.o)
    0x08000860   0x08000860   0x00000024   Code   RO         9086    .text               mc_w.l(llsshr.o)
    0x08000884   0x08000884   0x00000056   Code   RO         9097    .text               mc_w.l(__dczerorl2.o)
    0x080008da   0x080008da   0x00000002   PAD
    0x080008dc   0x080008dc   0x0000002c   Code   RO         8112    i.AD8402_DecoderValue  ad8402_periph.o
    0x08000908   0x08000908   0x00000024   Code   RO         8113    i.AD8402_RESET      ad8402_periph.o
    0x0800092c   0x0800092c   0x0000004c   Code   RO         8114    i.AD8402_SetValue   ad8402_periph.o
    0x08000978   0x08000978   0x00000018   Code   RO          790    i.ADC1_2_IRQHandler  stm32g4xx_it.o
    0x08000990   0x08000990   0x00000092   Code   RO         1005    i.ADC_DMAConvCplt   stm32g4xx_hal_adc.o
    0x08000a22   0x08000a22   0x0000001e   Code   RO         1006    i.ADC_DMAError      stm32g4xx_hal_adc.o
    0x08000a40   0x08000a40   0x0000000e   Code   RO         1007    i.ADC_DMAHalfConvCplt  stm32g4xx_hal_adc.o
    0x08000a4e   0x08000a4e   0x00000002   PAD
    0x08000a50   0x08000a50   0x00000094   Code   RO         1008    i.ADC_Disable       stm32g4xx_hal_adc.o
    0x08000ae4   0x08000ae4   0x00000084   Code   RO         1009    i.ADC_Enable        stm32g4xx_hal_adc.o
    0x08000b68   0x08000b68   0x00000024   Code   RO         8409    i.Adc_Decoder       adc_util.o
    0x08000b8c   0x08000b8c   0x00000014   Code   RO         8411    i.Adc_GetValue_DMA  adc_util.o
    0x08000ba0   0x08000ba0   0x00000044   Code   RO         8412    i.Adc_Init          adc_util.o
    0x08000be4   0x08000be4   0x00000074   Code   RO         8191    i.AddSendData       debug_btlog.o
    0x08000c58   0x08000c58   0x00000054   Code   RO         8192    i.BTLog_VerifyData  debug_btlog.o
    0x08000cac   0x08000cac   0x00000138   Code   RO         8193    i.BTlog_DecodeData  debug_btlog.o
    0x08000de4   0x08000de4   0x000000b8   Code   RO         8194    i.BTlog_Init        debug_btlog.o
    0x08000e9c   0x08000e9c   0x0000002c   Code   RO         8195    i.BTlog_RXCallback  debug_btlog.o
    0x08000ec8   0x08000ec8   0x000000d8   Code   RO         8196    i.BTlog_Send        debug_btlog.o
    0x08000fa0   0x08000fa0   0x00000054   Code   RO         8154    i.Boost_BoostSetValue  boost_periph.o
    0x08000ff4   0x08000ff4   0x00000130   Code   RO         7934    i.Boost_CommunicatorDecoder  decoder.o
    0x08001124   0x08001124   0x00000120   Code   RO         7825    i.Buck_Control_Pid_Clac  cap_control.o
    0x08001244   0x08001244   0x0000004c   Code   RO         7935    i.Buck_Voltage_Decoder  decoder.o
    0x08001290   0x08001290   0x00000004   Code   RO          791    i.BusFault_Handler  stm32g4xx_it.o
    0x08001294   0x08001294   0x00000020   Code   RO         7826    i.CAP_Buck_Disable  cap_control.o
    0x080012b4   0x080012b4   0x00000020   Code   RO         7827    i.CAP_Buck_Enable   cap_control.o
    0x080012d4   0x080012d4   0x000002d8   Code   RO         7936    i.Cap_Buck_Decoder  decoder.o
    0x080015ac   0x080015ac   0x000001b4   Code   RO         7828    i.Cap_Control_Backflush  cap_control.o
    0x08001760   0x08001760   0x00000028   Code   RO         8058    i.Cap_Control_Change_Backflush_PowerPath  power_path_control.o
    0x08001788   0x08001788   0x00000028   Code   RO         8059    i.Cap_Control_Change_Boost_PowerPath  power_path_control.o
    0x080017b0   0x080017b0   0x00000028   Code   RO         8060    i.Cap_Control_Change_Cap_PowerPath  power_path_control.o
    0x080017d8   0x080017d8   0x00000028   Code   RO         8061    i.Cap_Control_Change_Jduge_PowerPath  power_path_control.o
    0x08001800   0x08001800   0x0000020c   Code   RO         7829    i.Cap_Control_PowerPath_Switch  cap_control.o
    0x08001a0c   0x08001a0c   0x00000048   Code   RO         7830    i.Cap_Control_SetCurrent  cap_control.o
    0x08001a54   0x08001a54   0x00000034   Code   RO         7831    i.Cap_Control_SetVoltage  cap_control.o
    0x08001a88   0x08001a88   0x00000020   Code   RO         8062    i.Cap_Control_Stop_Cap_PowerPath  power_path_control.o
    0x08001aa8   0x08001aa8   0x0000001c   Code   RO         8063    i.Cap_Control_Stop_Out_PowerPath  power_path_control.o
    0x08001ac4   0x08001ac4   0x00000024   Code   RO         7996    i.Communicate_Offline_Error_Handle  error_handle.o
    0x08001ae8   0x08001ae8   0x00000048   Code   RO         8470    i.DAC_Init          dac_util.o
    0x08001b30   0x08001b30   0x00000090   Code   RO         8472    i.DAC_SetVal        dac_util.o
    0x08001bc0   0x08001bc0   0x00000010   Code   RO          792    i.DMA1_Channel1_IRQHandler  stm32g4xx_it.o
    0x08001bd0   0x08001bd0   0x00000010   Code   RO          793    i.DMA1_Channel2_IRQHandler  stm32g4xx_it.o
    0x08001be0   0x08001be0   0x00000010   Code   RO          794    i.DMA1_Channel3_IRQHandler  stm32g4xx_it.o
    0x08001bf0   0x08001bf0   0x00000010   Code   RO          795    i.DMA1_Channel4_IRQHandler  stm32g4xx_it.o
    0x08001c00   0x08001c00   0x00000010   Code   RO          796    i.DMA1_Channel5_IRQHandler  stm32g4xx_it.o
    0x08001c10   0x08001c10   0x00000044   Code   RO         2409    i.DMA_CalcDMAMUXChannelBaseAndMask  stm32g4xx_hal_dma.o
    0x08001c54   0x08001c54   0x00000024   Code   RO         2410    i.DMA_CalcDMAMUXRequestGenBaseAndMask  stm32g4xx_hal_dma.o
    0x08001c78   0x08001c78   0x00000040   Code   RO         2411    i.DMA_SetConfig     stm32g4xx_hal_dma.o
    0x08001cb8   0x08001cb8   0x00000002   Code   RO          797    i.DebugMon_Handler  stm32g4xx_it.o
    0x08001cba   0x08001cba   0x00000006   Code   RO           13    i.Error_Handler     main.o
    0x08001cc0   0x08001cc0   0x00000010   Code   RO          798    i.FDCAN1_IT0_IRQHandler  stm32g4xx_it.o
    0x08001cd0   0x08001cd0   0x0000006c   Code   RO         3344    i.FDCAN_CalcultateRamBlockAddresses  stm32g4xx_hal_fdcan.o
    0x08001d3c   0x08001d3c   0x000000d0   Code   RO         3345    i.FDCAN_CopyMessageToRAM  stm32g4xx_hal_fdcan.o
    0x08001e0c   0x08001e0c   0x00000006   Code   RO         8586    i.FDCAN_ErrorHandler  fdcan_util.o
    0x08001e12   0x08001e12   0x0000002a   Code   RO         8587    i.FDCAN_InitTxHander  fdcan_util.o
    0x08001e3c   0x08001e3c   0x00000078   Code   RO         8588    i.FDCAN_IntFilterAndStart  fdcan_util.o
    0x08001eb4   0x08001eb4   0x00000040   Code   RO         8590    i.FDCAN_SendMessageWithOutBaudSwitch  fdcan_util.o
    0x08001ef4   0x08001ef4   0x000000b0   Code   RO         1282    i.HAL_ADCEx_Calibration_Start  stm32g4xx_hal_adc_ex.o
    0x08001fa4   0x08001fa4   0x00000002   Code   RO         1286    i.HAL_ADCEx_EndOfSamplingCallback  stm32g4xx_hal_adc_ex.o
    0x08001fa6   0x08001fa6   0x0000000c   Code   RO         8413    i.HAL_ADCEx_InjectedConvCpltCallback  adc_util.o
    0x08001fb2   0x08001fb2   0x00000002   Code   RO         1292    i.HAL_ADCEx_InjectedQueueOverflowCallback  stm32g4xx_hal_adc_ex.o
    0x08001fb4   0x08001fb4   0x00000002   Code   RO         1297    i.HAL_ADCEx_LevelOutOfWindow2Callback  stm32g4xx_hal_adc_ex.o
    0x08001fb6   0x08001fb6   0x00000002   Code   RO         1298    i.HAL_ADCEx_LevelOutOfWindow3Callback  stm32g4xx_hal_adc_ex.o
    0x08001fb8   0x08001fb8   0x0000010c   Code   RO         1299    i.HAL_ADCEx_MultiModeConfigChannel  stm32g4xx_hal_adc_ex.o
    0x080020c4   0x080020c4   0x00000508   Code   RO         1011    i.HAL_ADC_ConfigChannel  stm32g4xx_hal_adc.o
    0x080025cc   0x080025cc   0x0000000c   Code   RO         8414    i.HAL_ADC_ConvCpltCallback  adc_util.o
    0x080025d8   0x080025d8   0x00000002   Code   RO         1013    i.HAL_ADC_ConvHalfCpltCallback  stm32g4xx_hal_adc.o
    0x080025da   0x080025da   0x00000002   Code   RO         1015    i.HAL_ADC_ErrorCallback  stm32g4xx_hal_adc.o
    0x080025dc   0x080025dc   0x00000008   Code   RO         1018    i.HAL_ADC_GetValue  stm32g4xx_hal_adc.o
    0x080025e4   0x080025e4   0x00000330   Code   RO         1019    i.HAL_ADC_IRQHandler  stm32g4xx_hal_adc.o
    0x08002914   0x08002914   0x00000268   Code   RO         1020    i.HAL_ADC_Init      stm32g4xx_hal_adc.o
    0x08002b7c   0x08002b7c   0x00000002   Code   RO         1021    i.HAL_ADC_LevelOutOfWindowCallback  stm32g4xx_hal_adc.o
    0x08002b7e   0x08002b7e   0x00000002   PAD
    0x08002b80   0x08002b80   0x000001f4   Code   RO          430    i.HAL_ADC_MspInit   adc.o
    0x08002d74   0x08002d74   0x00000114   Code   RO         1028    i.HAL_ADC_Start_DMA  stm32g4xx_hal_adc.o
    0x08002e88   0x08002e88   0x0000024c   Code   RO         3059    i.HAL_DAC_ConfigChannel  stm32g4xx_hal_dac.o
    0x080030d4   0x080030d4   0x00000028   Code   RO         3069    i.HAL_DAC_Init      stm32g4xx_hal_dac.o
    0x080030fc   0x080030fc   0x00000070   Code   RO          479    i.HAL_DAC_MspInit   dac.o
    0x0800316c   0x0800316c   0x00000040   Code   RO         3072    i.HAL_DAC_SetValue  stm32g4xx_hal_dac.o
    0x080031ac   0x080031ac   0x00000080   Code   RO         3073    i.HAL_DAC_Start     stm32g4xx_hal_dac.o
    0x0800322c   0x0800322c   0x00000076   Code   RO         2412    i.HAL_DMA_Abort     stm32g4xx_hal_dma.o
    0x080032a2   0x080032a2   0x00000094   Code   RO         2413    i.HAL_DMA_Abort_IT  stm32g4xx_hal_dma.o
    0x08003336   0x08003336   0x000000fe   Code   RO         2417    i.HAL_DMA_IRQHandler  stm32g4xx_hal_dma.o
    0x08003434   0x08003434   0x000000d0   Code   RO         2418    i.HAL_DMA_Init      stm32g4xx_hal_dma.o
    0x08003504   0x08003504   0x00000072   Code   RO         2421    i.HAL_DMA_Start     stm32g4xx_hal_dma.o
    0x08003576   0x08003576   0x000000c2   Code   RO         2422    i.HAL_DMA_Start_IT  stm32g4xx_hal_dma.o
    0x08003638   0x08003638   0x00000028   Code   RO         1523    i.HAL_Delay         stm32g4xx_hal.o
    0x08003660   0x08003660   0x00000122   Code   RO         3347    i.HAL_FDCAN_ActivateNotification  stm32g4xx_hal_fdcan.o
    0x08003782   0x08003782   0x0000006a   Code   RO         3348    i.HAL_FDCAN_AddMessageToTxFifoQ  stm32g4xx_hal_fdcan.o
    0x080037ec   0x080037ec   0x00000064   Code   RO         3350    i.HAL_FDCAN_ConfigFilter  stm32g4xx_hal_fdcan.o
    0x08003850   0x08003850   0x0000003c   Code   RO         3351    i.HAL_FDCAN_ConfigGlobalFilter  stm32g4xx_hal_fdcan.o
    0x0800388c   0x0800388c   0x00000002   Code   RO         3371    i.HAL_FDCAN_ErrorCallback  stm32g4xx_hal_fdcan.o
    0x0800388e   0x0800388e   0x00000002   Code   RO         3372    i.HAL_FDCAN_ErrorStatusCallback  stm32g4xx_hal_fdcan.o
    0x08003890   0x08003890   0x00000118   Code   RO         3381    i.HAL_FDCAN_GetRxMessage  stm32g4xx_hal_fdcan.o
    0x080039a8   0x080039a8   0x00000002   Code   RO         3387    i.HAL_FDCAN_HighPriorityMessageCallback  stm32g4xx_hal_fdcan.o
    0x080039aa   0x080039aa   0x000001c0   Code   RO         3388    i.HAL_FDCAN_IRQHandler  stm32g4xx_hal_fdcan.o
    0x08003b6a   0x08003b6a   0x00000002   PAD
    0x08003b6c   0x08003b6c   0x00000218   Code   RO         3389    i.HAL_FDCAN_Init    stm32g4xx_hal_fdcan.o
    0x08003d84   0x08003d84   0x000000c4   Code   RO          545    i.HAL_FDCAN_MspInit  fdcan.o
    0x08003e48   0x08003e48   0x00000050   Code   RO         8591    i.HAL_FDCAN_RxFifo0Callback  fdcan_util.o
    0x08003e98   0x08003e98   0x00000002   Code   RO         3397    i.HAL_FDCAN_RxFifo1Callback  stm32g4xx_hal_fdcan.o
    0x08003e9a   0x08003e9a   0x0000002e   Code   RO         3398    i.HAL_FDCAN_Start   stm32g4xx_hal_fdcan.o
    0x08003ec8   0x08003ec8   0x00000002   Code   RO         3400    i.HAL_FDCAN_TimeoutOccurredCallback  stm32g4xx_hal_fdcan.o
    0x08003eca   0x08003eca   0x00000002   Code   RO         3401    i.HAL_FDCAN_TimestampWraparoundCallback  stm32g4xx_hal_fdcan.o
    0x08003ecc   0x08003ecc   0x00000002   Code   RO         3402    i.HAL_FDCAN_TxBufferAbortCallback  stm32g4xx_hal_fdcan.o
    0x08003ece   0x08003ece   0x00000002   Code   RO         3403    i.HAL_FDCAN_TxBufferCompleteCallback  stm32g4xx_hal_fdcan.o
    0x08003ed0   0x08003ed0   0x00000002   Code   RO         3404    i.HAL_FDCAN_TxEventFifoCallback  stm32g4xx_hal_fdcan.o
    0x08003ed2   0x08003ed2   0x00000002   Code   RO         3405    i.HAL_FDCAN_TxFifoEmptyCallback  stm32g4xx_hal_fdcan.o
    0x08003ed4   0x08003ed4   0x000001cc   Code   RO         2274    i.HAL_GPIO_Init     stm32g4xx_hal_gpio.o
    0x080040a0   0x080040a0   0x00000014   Code   RO         2277    i.HAL_GPIO_TogglePin  stm32g4xx_hal_gpio.o
    0x080040b4   0x080040b4   0x0000000a   Code   RO         2278    i.HAL_GPIO_WritePin  stm32g4xx_hal_gpio.o
    0x080040be   0x080040be   0x00000002   PAD
    0x080040c0   0x080040c0   0x0000000c   Code   RO         1527    i.HAL_GetTick       stm32g4xx_hal.o
    0x080040cc   0x080040cc   0x0000006a   Code   RO         4196    i.HAL_I2CEx_ConfigAnalogFilter  stm32g4xx_hal_i2c_ex.o
    0x08004136   0x08004136   0x00000068   Code   RO         4197    i.HAL_I2CEx_ConfigDigitalFilter  stm32g4xx_hal_i2c_ex.o
    0x0800419e   0x0800419e   0x00000002   PAD
    0x080041a0   0x080041a0   0x000000c4   Code   RO         3745    i.HAL_I2C_Init      stm32g4xx_hal_i2c.o
    0x08004264   0x08004264   0x00000160   Code   RO         3758    i.HAL_I2C_Master_Transmit  stm32g4xx_hal_i2c.o
    0x080043c4   0x080043c4   0x000000d0   Code   RO          587    i.HAL_I2C_MspInit   i2c.o
    0x08004494   0x08004494   0x00000018   Code   RO         1530    i.HAL_IncTick       stm32g4xx_hal.o
    0x080044ac   0x080044ac   0x0000001e   Code   RO         1531    i.HAL_Init          stm32g4xx_hal.o
    0x080044ca   0x080044ca   0x00000002   PAD
    0x080044cc   0x080044cc   0x0000009c   Code   RO          965    i.HAL_InitTick      stm32g4xx_hal_timebase_tim.o
    0x08004568   0x08004568   0x00000058   Code   RO          941    i.HAL_MspInit       stm32g4xx_hal_msp.o
    0x080045c0   0x080045c0   0x00000028   Code   RO         2921    i.HAL_NVIC_EnableIRQ  stm32g4xx_hal_cortex.o
    0x080045e8   0x080045e8   0x0000007a   Code   RO         2927    i.HAL_NVIC_SetPriority  stm32g4xx_hal_cortex.o
    0x08004662   0x08004662   0x00000002   PAD
    0x08004664   0x08004664   0x00000028   Code   RO         2928    i.HAL_NVIC_SetPriorityGrouping  stm32g4xx_hal_cortex.o
    0x0800468c   0x0800468c   0x00000118   Code   RO         2677    i.HAL_PWREx_ControlVoltageScaling  stm32g4xx_hal_pwr_ex.o
    0x080047a4   0x080047a4   0x00000014   Code   RO         2689    i.HAL_PWREx_DisableUCPDDeadBattery  stm32g4xx_hal_pwr_ex.o
    0x080047b8   0x080047b8   0x00000370   Code   RO         1881    i.HAL_RCCEx_PeriphCLKConfig  stm32g4xx_hal_rcc_ex.o
    0x08004b28   0x08004b28   0x00000224   Code   RO         1751    i.HAL_RCC_ClockConfig  stm32g4xx_hal_rcc.o
    0x08004d4c   0x08004d4c   0x00000044   Code   RO         1756    i.HAL_RCC_GetClockConfig  stm32g4xx_hal_rcc.o
    0x08004d90   0x08004d90   0x0000000c   Code   RO         1757    i.HAL_RCC_GetHCLKFreq  stm32g4xx_hal_rcc.o
    0x08004d9c   0x08004d9c   0x00000024   Code   RO         1759    i.HAL_RCC_GetPCLK1Freq  stm32g4xx_hal_rcc.o
    0x08004dc0   0x08004dc0   0x00000024   Code   RO         1760    i.HAL_RCC_GetPCLK2Freq  stm32g4xx_hal_rcc.o
    0x08004de4   0x08004de4   0x00000098   Code   RO         1761    i.HAL_RCC_GetSysClockFreq  stm32g4xx_hal_rcc.o
    0x08004e7c   0x08004e7c   0x00000568   Code   RO         1764    i.HAL_RCC_OscConfig  stm32g4xx_hal_rcc.o
    0x080053e4   0x080053e4   0x000000fc   Code   RO         4261    i.HAL_SPI_Init      stm32g4xx_hal_spi.o
    0x080054e0   0x080054e0   0x00000078   Code   RO          629    i.HAL_SPI_MspInit   spi.o
    0x08005558   0x08005558   0x000001ea   Code   RO         4269    i.HAL_SPI_Transmit  stm32g4xx_hal_spi.o
    0x08005742   0x08005742   0x00000002   PAD
    0x08005744   0x08005744   0x00000014   Code   RO         1541    i.HAL_SYSCFG_DisableVREFBUF  stm32g4xx_hal.o
    0x08005758   0x08005758   0x00000014   Code   RO         1546    i.HAL_SYSCFG_VREFBUF_HighImpedanceConfig  stm32g4xx_hal.o
    0x0800576c   0x0800576c   0x00000002   Code   RO         5328    i.HAL_TIMEx_Break2Callback  stm32g4xx_hal_tim_ex.o
    0x0800576e   0x0800576e   0x00000002   Code   RO         5329    i.HAL_TIMEx_BreakCallback  stm32g4xx_hal_tim_ex.o
    0x08005770   0x08005770   0x00000002   Code   RO         5330    i.HAL_TIMEx_CommutCallback  stm32g4xx_hal_tim_ex.o
    0x08005772   0x08005772   0x00000002   Code   RO         5341    i.HAL_TIMEx_DirectionChangeCallback  stm32g4xx_hal_tim_ex.o
    0x08005774   0x08005774   0x00000002   Code   RO         5355    i.HAL_TIMEx_EncoderIndexCallback  stm32g4xx_hal_tim_ex.o
    0x08005776   0x08005776   0x00000002   Code   RO         5369    i.HAL_TIMEx_IndexErrorCallback  stm32g4xx_hal_tim_ex.o
    0x08005778   0x08005778   0x000000b8   Code   RO         5370    i.HAL_TIMEx_MasterConfigSynchronization  stm32g4xx_hal_tim_ex.o
    0x08005830   0x08005830   0x00000002   Code   RO         5391    i.HAL_TIMEx_TransitionErrorCallback  stm32g4xx_hal_tim_ex.o
    0x08005832   0x08005832   0x0000006e   Code   RO         4603    i.HAL_TIM_Base_Init  stm32g4xx_hal_tim.o
    0x080058a0   0x080058a0   0x00000148   Code   RO          671    i.HAL_TIM_Base_MspInit  tim.o
    0x080059e8   0x080059e8   0x00000090   Code   RO         4606    i.HAL_TIM_Base_Start  stm32g4xx_hal_tim.o
    0x08005a78   0x08005a78   0x0000009c   Code   RO         4608    i.HAL_TIM_Base_Start_IT  stm32g4xx_hal_tim.o
    0x08005b14   0x08005b14   0x00000134   Code   RO         4612    i.HAL_TIM_ConfigClockSource  stm32g4xx_hal_tim.o
    0x08005c48   0x08005c48   0x00000002   Code   RO         4637    i.HAL_TIM_IC_CaptureCallback  stm32g4xx_hal_tim.o
    0x08005c4a   0x08005c4a   0x00000240   Code   RO         4651    i.HAL_TIM_IRQHandler  stm32g4xx_hal_tim.o
    0x08005e8a   0x08005e8a   0x00000002   Code   RO         4654    i.HAL_TIM_OC_DelayElapsedCallback  stm32g4xx_hal_tim.o
    0x08005e8c   0x08005e8c   0x00000002   Code   RO         4681    i.HAL_TIM_PWM_PulseFinishedCallback  stm32g4xx_hal_tim.o
    0x08005e8e   0x08005e8e   0x00000002   PAD
    0x08005e90   0x08005e90   0x0000003c   Code   RO           14    i.HAL_TIM_PeriodElapsedCallback  main.o
    0x08005ecc   0x08005ecc   0x00000002   Code   RO         4694    i.HAL_TIM_TriggerCallback  stm32g4xx_hal_tim.o
    0x08005ece   0x08005ece   0x0000004e   Code   RO         6182    i.HAL_UARTEx_DisableFifoMode  stm32g4xx_hal_uart_ex.o
    0x08005f1c   0x08005f1c   0x00000002   Code   RO         5766    i.HAL_UARTEx_RxEventCallback  stm32g4xx_hal_uart.o
    0x08005f1e   0x08005f1e   0x00000002   Code   RO         6189    i.HAL_UARTEx_RxFifoFullCallback  stm32g4xx_hal_uart_ex.o
    0x08005f20   0x08005f20   0x0000005e   Code   RO         6190    i.HAL_UARTEx_SetRxFifoThreshold  stm32g4xx_hal_uart_ex.o
    0x08005f7e   0x08005f7e   0x0000005e   Code   RO         6191    i.HAL_UARTEx_SetTxFifoThreshold  stm32g4xx_hal_uart_ex.o
    0x08005fdc   0x08005fdc   0x00000002   Code   RO         6193    i.HAL_UARTEx_TxFifoEmptyCallback  stm32g4xx_hal_uart_ex.o
    0x08005fde   0x08005fde   0x00000002   Code   RO         6194    i.HAL_UARTEx_WakeupCallback  stm32g4xx_hal_uart_ex.o
    0x08005fe0   0x08005fe0   0x00000002   Code   RO         5782    i.HAL_UART_ErrorCallback  stm32g4xx_hal_uart.o
    0x08005fe2   0x08005fe2   0x00000010   Code   RO         5784    i.HAL_UART_GetState  stm32g4xx_hal_uart.o
    0x08005ff2   0x08005ff2   0x00000002   PAD
    0x08005ff4   0x08005ff4   0x00000390   Code   RO         5785    i.HAL_UART_IRQHandler  stm32g4xx_hal_uart.o
    0x08006384   0x08006384   0x00000078   Code   RO         5786    i.HAL_UART_Init     stm32g4xx_hal_uart.o
    0x080063fc   0x080063fc   0x0000026c   Code   RO          737    i.HAL_UART_MspInit  usart.o
    0x08006668   0x08006668   0x000000d8   Code   RO         5797    i.HAL_UART_Transmit_IT  stm32g4xx_hal_uart.o
    0x08006740   0x08006740   0x00000002   Code   RO         5798    i.HAL_UART_TxCpltCallback  stm32g4xx_hal_uart.o
    0x08006742   0x08006742   0x00000004   Code   RO          799    i.HardFault_Handler  stm32g4xx_it.o
    0x08006746   0x08006746   0x00000028   Code   RO         3792    i.I2C_Flush_TXDR    stm32g4xx_hal_i2c.o
    0x0800676e   0x0800676e   0x00000002   PAD
    0x08006770   0x08006770   0x00000148   Code   RO         3800    i.I2C_IsErrorOccurred  stm32g4xx_hal_i2c.o
    0x080068b8   0x080068b8   0x00000038   Code   RO         3807    i.I2C_TransferConfig  stm32g4xx_hal_i2c.o
    0x080068f0   0x080068f0   0x0000005e   Code   RO         3809    i.I2C_WaitOnFlagUntilTimeout  stm32g4xx_hal_i2c.o
    0x0800694e   0x0800694e   0x00000056   Code   RO         3811    i.I2C_WaitOnSTOPFlagUntilTimeout  stm32g4xx_hal_i2c.o
    0x080069a4   0x080069a4   0x0000005a   Code   RO         3812    i.I2C_WaitOnTXISFlagUntilTimeout  stm32g4xx_hal_i2c.o
    0x080069fe   0x080069fe   0x00000006   Code   RO         8646    i.I2c_ErrorHandler  i2c_util.o
    0x08006a04   0x08006a04   0x00000034   Code   RO         8647    i.I2c_MasterSendMessage  i2c_util.o
    0x08006a38   0x08006a38   0x00000010   Code   RO         1034    i.LL_ADC_Enable     stm32g4xx_hal_adc.o
    0x08006a48   0x08006a48   0x0000000a   Code   RO         1035    i.LL_ADC_GetMultimode  stm32g4xx_hal_adc.o
    0x08006a52   0x08006a52   0x00000012   Code   RO         1036    i.LL_ADC_GetOffsetChannel  stm32g4xx_hal_adc.o
    0x08006a64   0x08006a64   0x0000000a   Code   RO         1037    i.LL_ADC_INJ_IsConversionOngoing  stm32g4xx_hal_adc.o
    0x08006a6e   0x08006a6e   0x0000000a   Code   RO         1038    i.LL_ADC_IsDisableOngoing  stm32g4xx_hal_adc.o
    0x08006a78   0x08006a78   0x0000000a   Code   RO         1039    i.LL_ADC_IsEnabled  stm32g4xx_hal_adc.o
    0x08006a82   0x08006a82   0x0000000a   Code   RO         1311    i.LL_ADC_IsEnabled  stm32g4xx_hal_adc_ex.o
    0x08006a8c   0x08006a8c   0x0000000a   Code   RO         1040    i.LL_ADC_IsInternalRegulatorEnabled  stm32g4xx_hal_adc.o
    0x08006a96   0x08006a96   0x0000000a   Code   RO         1041    i.LL_ADC_REG_IsConversionOngoing  stm32g4xx_hal_adc.o
    0x08006aa0   0x08006aa0   0x0000000a   Code   RO         1312    i.LL_ADC_REG_IsConversionOngoing  stm32g4xx_hal_adc_ex.o
    0x08006aaa   0x08006aaa   0x00000012   Code   RO         1042    i.LL_ADC_REG_IsTriggerSourceSWStart  stm32g4xx_hal_adc.o
    0x08006abc   0x08006abc   0x00000010   Code   RO         1043    i.LL_ADC_REG_StartConversion  stm32g4xx_hal_adc.o
    0x08006acc   0x08006acc   0x00000028   Code   RO         1045    i.LL_ADC_SetChannelSamplingTime  stm32g4xx_hal_adc.o
    0x08006af4   0x08006af4   0x0000000c   Code   RO         1046    i.LL_ADC_SetCommonPathInternalCh  stm32g4xx_hal_adc.o
    0x08006b00   0x08006b00   0x00000016   Code   RO         1047    i.LL_ADC_SetOffsetState  stm32g4xx_hal_adc.o
    0x08006b16   0x08006b16   0x0000000c   Code   RO         1048    i.LL_ADC_SetSamplingTimeCommonConfig  stm32g4xx_hal_adc.o
    0x08006b22   0x08006b22   0x00000002   PAD
    0x08006b24   0x08006b24   0x000000f4   Code   RO          431    i.MX_ADC1_Init      adc.o
    0x08006c18   0x08006c18   0x000000d4   Code   RO          432    i.MX_ADC2_Init      adc.o
    0x08006cec   0x08006cec   0x0000005c   Code   RO          480    i.MX_DAC1_Init      dac.o
    0x08006d48   0x08006d48   0x00000090   Code   RO          520    i.MX_DMA_Init       dma.o
    0x08006dd8   0x08006dd8   0x0000005c   Code   RO          546    i.MX_FDCAN1_Init    fdcan.o
    0x08006e34   0x08006e34   0x00000124   Code   RO          332    i.MX_FREERTOS_Init  app_freertos.o
    0x08006f58   0x08006f58   0x000000f8   Code   RO          308    i.MX_GPIO_Init      gpio.o
    0x08007050   0x08007050   0x00000058   Code   RO          588    i.MX_I2C1_Init      i2c.o
    0x080070a8   0x080070a8   0x00000054   Code   RO          630    i.MX_SPI2_Init      spi.o
    0x080070fc   0x080070fc   0x00000070   Code   RO          672    i.MX_TIM15_Init     tim.o
    0x0800716c   0x0800716c   0x00000034   Code   RO          673    i.MX_TIM16_Init     tim.o
    0x080071a0   0x080071a0   0x00000074   Code   RO          674    i.MX_TIM1_Init      tim.o
    0x08007214   0x08007214   0x0000006c   Code   RO          675    i.MX_TIM2_Init      tim.o
    0x08007280   0x08007280   0x00000074   Code   RO          676    i.MX_TIM8_Init      tim.o
    0x080072f4   0x080072f4   0x0000006c   Code   RO          738    i.MX_USART1_UART_Init  usart.o
    0x08007360   0x08007360   0x0000006c   Code   RO          739    i.MX_USART2_UART_Init  usart.o
    0x080073cc   0x080073cc   0x0000006c   Code   RO          740    i.MX_USART3_UART_Init  usart.o
    0x08007438   0x08007438   0x00000004   Code   RO          800    i.MemManage_Handler  stm32g4xx_it.o
    0x0800743c   0x0800743c   0x0000003c   Code   RO         7997    i.Motor_Error_Handle  error_handle.o
    0x08007478   0x08007478   0x00000004   Code   RO          801    i.NMI_Handler       stm32g4xx_it.o
    0x0800747c   0x0800747c   0x00000018   Code   RO         8261    i.OLED_Clear        oled_periph.o
    0x08007494   0x08007494   0x00000078   Code   RO         8264    i.OLED_DisplayLogo  oled_periph.o
    0x0800750c   0x0800750c   0x0000008c   Code   RO         8268    i.OLED_DrawPoint    oled_periph.o
    0x08007598   0x08007598   0x00000054   Code   RO         8269    i.OLED_OperateGram  oled_periph.o
    0x080075ec   0x080075ec   0x00000038   Code   RO         8271    i.OLED_RefreshGram  oled_periph.o
    0x08007624   0x08007624   0x0000002a   Code   RO         8272    i.OLED_SetPos       oled_periph.o
    0x0800764e   0x0800764e   0x00000002   PAD
    0x08007650   0x08007650   0x00000094   Code   RO         8273    i.OLED_ShowChar     oled_periph.o
    0x080076e4   0x080076e4   0x00000030   Code   RO         8274    i.OLED_ShowString   oled_periph.o
    0x08007714   0x08007714   0x000000e4   Code   RO         8275    i.OLED_init         oled_periph.o
    0x080077f8   0x080077f8   0x00000034   Code   RO         8276    i.Oled_Writebyte    oled_periph.o
    0x0800782c   0x0800782c   0x000000da   Code   RO         7693    i.PID_ClacPID       pid_alg.o
    0x08007906   0x08007906   0x00000006   Code   RO         7695    i.PID_GetPIDOutput  pid_alg.o
    0x0800790c   0x0800790c   0x00000038   Code   RO         7697    i.PID_InitPID       pid_alg.o
    0x08007944   0x08007944   0x00000006   Code   RO         7699    i.PID_SetPIDFdb     pid_alg.o
    0x0800794a   0x0800794a   0x00000006   Code   RO         7701    i.PID_SetPIDRef     pid_alg.o
    0x08007950   0x08007950   0x000000a4   Code   RO         7771    i.Power_Control_SendMessage_Can  power_control.o
    0x080079f4   0x080079f4   0x000000b8   Code   RO         7772    i.Power_Control_SendMessage_Uart  power_control.o
    0x08007aac   0x08007aac   0x000001e4   Code   RO         7938    i.Power_Switch_Decoder  decoder.o
    0x08007c90   0x08007c90   0x0000000c   Code   RO         8704    i.Queue_Init        queue_str.o
    0x08007c9c   0x08007c9c   0x0000007a   Code   RO         8705    i.Queue_Push        queue_str.o
    0x08007d16   0x08007d16   0x00000002   PAD
    0x08007d18   0x08007d18   0x00000068   Code   RO         1765    i.RCC_GetSysClockFreqFromPLLSource  stm32g4xx_hal_rcc.o
    0x08007d80   0x08007d80   0x00000064   Code   RO         4299    i.SPI_EndRxTxTransaction  stm32g4xx_hal_spi.o
    0x08007de4   0x08007de4   0x000000f8   Code   RO         4304    i.SPI_WaitFifoStateUntilTimeout  stm32g4xx_hal_spi.o
    0x08007edc   0x08007edc   0x000000d8   Code   RO         4305    i.SPI_WaitFlagStateUntilTimeout  stm32g4xx_hal_spi.o
    0x08007fb4   0x08007fb4   0x0000000c   Code   RO         7999    i.Short_Circuit_Error_Handle  error_handle.o
    0x08007fc0   0x08007fc0   0x0000002c   Code   RO         7832    i.Soft_Start        cap_control.o
    0x08007fec   0x08007fec   0x0000000a   Code   RO          333    i.StartDefaultTask  app_freertos.o
    0x08007ff6   0x08007ff6   0x00000002   PAD
    0x08007ff8   0x08007ff8   0x00000034   Code   RO         7545    i.SysTick_Handler   port.o
    0x0800802c   0x0800802c   0x0000006a   Code   RO           15    i.SystemClock_Config  main.o
    0x08008096   0x08008096   0x00000002   PAD
    0x08008098   0x08008098   0x00000014   Code   RO         6300    i.SystemInit        system_stm32g4xx.o
    0x080080ac   0x080080ac   0x00000018   Code   RO          802    i.TIM1_BRK_TIM15_IRQHandler  stm32g4xx_it.o
    0x080080c4   0x080080c4   0x00000018   Code   RO          803    i.TIM1_TRG_COM_TIM17_IRQHandler  stm32g4xx_it.o
    0x080080dc   0x080080dc   0x00000018   Code   RO          804    i.TIM1_UP_TIM16_IRQHandler  stm32g4xx_it.o
    0x080080f4   0x080080f4   0x00000010   Code   RO          805    i.TIM2_IRQHandler   stm32g4xx_it.o
    0x08008104   0x08008104   0x00000010   Code   RO          806    i.TIM8_UP_IRQHandler  stm32g4xx_it.o
    0x08008114   0x08008114   0x000000bc   Code   RO         4696    i.TIM_Base_SetConfig  stm32g4xx_hal_tim.o
    0x080081d0   0x080081d0   0x00000016   Code   RO         4707    i.TIM_ETR_SetConfig  stm32g4xx_hal_tim.o
    0x080081e6   0x080081e6   0x00000002   PAD
    0x080081e8   0x080081e8   0x00000018   Code   RO         4708    i.TIM_ITRx_SetConfig  stm32g4xx_hal_tim.o
    0x08008200   0x08008200   0x00000026   Code   RO         4716    i.TIM_TI1_ConfigInputStage  stm32g4xx_hal_tim.o
    0x08008226   0x08008226   0x00000028   Code   RO         4718    i.TIM_TI2_ConfigInputStage  stm32g4xx_hal_tim.o
    0x0800824e   0x0800824e   0x00000002   PAD
    0x08008250   0x08008250   0x00000054   Code   RO         8000    i.Task_BlueTooth    error_handle.o
    0x080082a4   0x080082a4   0x0000001c   Code   RO         8155    i.Task_Boost_Control  boost_periph.o
    0x080082c0   0x080082c0   0x000002c4   Code   RO         7833    i.Task_CapBuckControl  cap_control.o
    0x08008584   0x08008584   0x0000011c   Code   RO         8001    i.Task_Error_Detect  error_handle.o
    0x080086a0   0x080086a0   0x0000000a   Code   RO         7834    i.Task_Feed_Dog     cap_control.o
    0x080086aa   0x080086aa   0x00000002   PAD
    0x080086ac   0x080086ac   0x000000b4   Code   RO         7835    i.Task_Ledshine     cap_control.o
    0x08008760   0x08008760   0x00000178   Code   RO         8277    i.Task_Oled_Show    oled_periph.o
    0x080088d8   0x080088d8   0x0000008c   Code   RO         7773    i.Task_Power_Control  power_control.o
    0x08008964   0x08008964   0x00000140   Code   RO         7774    i.Task_Ref_Power_Limit  power_control.o
    0x08008aa4   0x08008aa4   0x00000058   Code   RO         6195    i.UARTEx_SetNbDataToProcess  stm32g4xx_hal_uart_ex.o
    0x08008afc   0x08008afc   0x000000f8   Code   RO         5800    i.UART_AdvFeatureConfig  stm32g4xx_hal_uart.o
    0x08008bf4   0x08008bf4   0x00000076   Code   RO         5801    i.UART_CheckIdleState  stm32g4xx_hal_uart.o
    0x08008c6a   0x08008c6a   0x00000018   Code   RO         5802    i.UART_DMAAbortOnError  stm32g4xx_hal_uart.o
    0x08008c82   0x08008c82   0x00000002   PAD
    0x08008c84   0x08008c84   0x0000006c   Code   RO         5812    i.UART_EndRxTransfer  stm32g4xx_hal_uart.o
    0x08008cf0   0x08008cf0   0x00000030   Code   RO         5813    i.UART_EndTransmit_IT  stm32g4xx_hal_uart.o
    0x08008d20   0x08008d20   0x00000384   Code   RO         5819    i.UART_SetConfig    stm32g4xx_hal_uart.o
    0x080090a4   0x080090a4   0x00000062   Code   RO         5822    i.UART_TxISR_16BIT  stm32g4xx_hal_uart.o
    0x08009106   0x08009106   0x00000082   Code   RO         5823    i.UART_TxISR_16BIT_FIFOEN  stm32g4xx_hal_uart.o
    0x08009188   0x08009188   0x0000005c   Code   RO         5824    i.UART_TxISR_8BIT   stm32g4xx_hal_uart.o
    0x080091e4   0x080091e4   0x0000007e   Code   RO         5825    i.UART_TxISR_8BIT_FIFOEN  stm32g4xx_hal_uart.o
    0x08009262   0x08009262   0x000000fe   Code   RO         5826    i.UART_WaitOnFlagUntilTimeout  stm32g4xx_hal_uart.o
    0x08009360   0x08009360   0x00000014   Code   RO          807    i.USART1_IRQHandler  stm32g4xx_it.o
    0x08009374   0x08009374   0x00000014   Code   RO          808    i.USART2_IRQHandler  stm32g4xx_it.o
    0x08009388   0x08009388   0x00000014   Code   RO          809    i.USART3_IRQHandler  stm32g4xx_it.o
    0x0800939c   0x0800939c   0x00000008   Code   RO         8519    i.Uart_DMACurrentDataCounter  uart_util.o
    0x080093a4   0x080093a4   0x00000014   Code   RO         8520    i.Uart_DMA_Init     uart_util.o
    0x080093b8   0x080093b8   0x00000048   Code   RO         8522    i.Uart_ReceiveDMA   uart_util.o
    0x08009400   0x08009400   0x00000048   Code   RO         8523    i.Uart_ReceiveHandler  uart_util.o
    0x08009448   0x08009448   0x00000048   Code   RO         8524    i.Uart_RxIdCallback  uart_util.o
    0x08009490   0x08009490   0x00000004   Code   RO          810    i.UsageFault_Handler  stm32g4xx_it.o
    0x08009494   0x08009494   0x00000028   Code   RO         9011    i.__0sprintf        mc_w.l(printfa.o)
    0x080094bc   0x080094bc   0x00000010   Code   RO         2934    i.__NVIC_GetPriorityGrouping  stm32g4xx_hal_cortex.o
    0x080094cc   0x080094cc   0x00000028   Code   RO         2935    i.__NVIC_SetPriority  stm32g4xx_hal_cortex.o
    0x080094f4   0x080094f4   0x0000000e   Code   RO         9091    i.__scatterload_copy  mc_w.l(handlers.o)
    0x08009502   0x08009502   0x00000002   Code   RO         9092    i.__scatterload_null  mc_w.l(handlers.o)
    0x08009504   0x08009504   0x0000000e   Code   RO         9093    i.__scatterload_zeroinit  mc_w.l(handlers.o)
    0x08009512   0x08009512   0x00000002   PAD
    0x08009514   0x08009514   0x00000184   Code   RO         9016    i._fp_digits        mc_w.l(printfa.o)
    0x08009698   0x08009698   0x000006b4   Code   RO         9017    i._printf_core      mc_w.l(printfa.o)
    0x08009d4c   0x08009d4c   0x00000024   Code   RO         9018    i._printf_post_padding  mc_w.l(printfa.o)
    0x08009d70   0x08009d70   0x0000002e   Code   RO         9019    i._printf_pre_padding  mc_w.l(printfa.o)
    0x08009d9e   0x08009d9e   0x0000000a   Code   RO         9021    i._sputc            mc_w.l(printfa.o)
    0x08009da8   0x08009da8   0x00000032   Code   RO         7625    i.lowpass_filter    filter_alg.o
    0x08009dda   0x08009dda   0x0000005c   Code   RO           16    i.main              main.o
    0x08009e36   0x08009e36   0x0000000e   Code   RO         7110    i.makeFreeRtosPriority  cmsis_os.o
    0x08009e44   0x08009e44   0x00000018   Code   RO         7112    i.osDelay           cmsis_os.o
    0x08009e5c   0x08009e5c   0x0000000a   Code   RO         7115    i.osKernelStart     cmsis_os.o
    0x08009e66   0x08009e66   0x00000030   Code   RO         7149    i.osThreadCreate    cmsis_os.o
    0x08009e96   0x08009e96   0x00000002   PAD
    0x08009e98   0x08009e98   0x00000098   Code   RO         6787    i.prvAddCurrentTaskToDelayedList  tasks.o
    0x08009f30   0x08009f30   0x000000b4   Code   RO         6788    i.prvAddNewTaskToReadyList  tasks.o
    0x08009fe4   0x08009fe4   0x00000048   Code   RO         6789    i.prvCheckTasksWaitingTermination  tasks.o
    0x0800a02c   0x0800a02c   0x00000012   Code   RO         6790    i.prvDeleteTCB      tasks.o
    0x0800a03e   0x0800a03e   0x00000002   PAD
    0x0800a040   0x0800a040   0x0000007c   Code   RO         7477    i.prvHeapInit       heap_4.o
    0x0800a0bc   0x0800a0bc   0x00000028   Code   RO         6791    i.prvIdleTask       tasks.o
    0x0800a0e4   0x0800a0e4   0x000000b4   Code   RO         6792    i.prvInitialiseNewTask  tasks.o
    0x0800a198   0x0800a198   0x00000068   Code   RO         6793    i.prvInitialiseTaskLists  tasks.o
    0x0800a200   0x0800a200   0x00000068   Code   RO         7478    i.prvInsertBlockIntoFreeList  heap_4.o
    0x0800a268   0x0800a268   0x00000034   Code   RO         6794    i.prvResetNextTaskUnblockTime  tasks.o
    0x0800a29c   0x0800a29c   0x00000040   Code   RO         7546    i.prvTaskExitError  port.o
    0x0800a2dc   0x0800a2dc   0x0000014c   Code   RO         7479    i.pvPortMalloc      heap_4.o
    0x0800a428   0x0800a428   0x0000002c   Code   RO         7547    i.pxPortInitialiseStack  port.o
    0x0800a454   0x0800a454   0x00000028   Code   RO         6431    i.uxListRemove      list.o
    0x0800a47c   0x0800a47c   0x0000001a   Code   RO         6432    i.vListInitialise   list.o
    0x0800a496   0x0800a496   0x00000006   Code   RO         6433    i.vListInitialiseItem  list.o
    0x0800a49c   0x0800a49c   0x00000034   Code   RO         6434    i.vListInsert       list.o
    0x0800a4d0   0x0800a4d0   0x00000018   Code   RO         6435    i.vListInsertEnd    list.o
    0x0800a4e8   0x0800a4e8   0x00000054   Code   RO         7549    i.vPortEnterCritical  port.o
    0x0800a53c   0x0800a53c   0x0000003c   Code   RO         7550    i.vPortExitCritical  port.o
    0x0800a578   0x0800a578   0x000000a4   Code   RO         7480    i.vPortFree         heap_4.o
    0x0800a61c   0x0800a61c   0x00000028   Code   RO         7551    i.vPortSetupTimerInterrupt  port.o
    0x0800a644   0x0800a644   0x0000005c   Code   RO         6803    i.vTaskDelay        tasks.o
    0x0800a6a0   0x0800a6a0   0x00000088   Code   RO         6816    i.vTaskStartScheduler  tasks.o
    0x0800a728   0x0800a728   0x00000010   Code   RO         6818    i.vTaskSuspendAll   tasks.o
    0x0800a738   0x0800a738   0x0000008c   Code   RO         6819    i.vTaskSwitchContext  tasks.o
    0x0800a7c4   0x0800a7c4   0x00000168   Code   RO         7553    i.xPortStartScheduler  port.o
    0x0800a92c   0x0800a92c   0x00000060   Code   RO         6822    i.xTaskCreate       tasks.o
    0x0800a98c   0x0800a98c   0x00000148   Code   RO         6829    i.xTaskIncrementTick  tasks.o
    0x0800aad4   0x0800aad4   0x00000104   Code   RO         6835    i.xTaskResumeAll    tasks.o
    0x0800abd8   0x0800abd8   0x000000c8   Data   RO          343    .constdata          app_freertos.o
    0x0800aca0   0x0800aca0   0x00000010   Data   RO         3406    .constdata          stm32g4xx_hal_fdcan.o
    0x0800acb0   0x0800acb0   0x00000018   Data   RO         5827    .constdata          stm32g4xx_hal_uart.o
    0x0800acc8   0x0800acc8   0x00000010   Data   RO         6197    .constdata          stm32g4xx_hal_uart_ex.o
    0x0800acd8   0x0800acd8   0x00000018   Data   RO         6301    .constdata          system_stm32g4xx.o
    0x0800acf0   0x0800acf0   0x00001474   Data   RO         8742    .constdata          font_lib.o
    0x0800c164   0x0800c164   0x0000008a   Data   RO          344    .conststring        app_freertos.o
    0x0800c1ee   0x0800c1ee   0x00000002   PAD
    0x0800c1f0   0x0800c1f0   0x00000020   Data   RO         9089    Region$$Table       anon$$obj.o


    Execution Region RW_IRAM1 (Exec base: 0x20000000, Load base: 0x0800c210, Size: 0x000076c8, Max: 0x00020000, ABSOLUTE, COMPRESSED[0x000000b8])

    Exec Addr    Load Addr    Size         Type   Attr      Idx    E Section Name        Object

    0x20000000   COMPRESSED   0x00000028   Data   RW          345    .data               app_freertos.o
    0x20000028   COMPRESSED   0x00000004   Data   RW          434    .data               adc.o
    0x2000002c   COMPRESSED   0x0000000c   Data   RW         1551    .data               stm32g4xx_hal.o
    0x20000038   COMPRESSED   0x00000004   Data   RW         6302    .data               system_stm32g4xx.o
    0x2000003c   COMPRESSED   0x0000003c   Data   RW         6838    .data               tasks.o
    0x20000078   COMPRESSED   0x00000020   Data   RW         7486    .data               heap_4.o
    0x20000098   COMPRESSED   0x0000000c   Data   RW         7554    .data               port.o
    0x200000a4   COMPRESSED   0x00000008   Data   RW         7776    .data               power_control.o
    0x200000ac   COMPRESSED   0x000000e0   Data   RW         7837    .data               cap_control.o
    0x2000018c   COMPRESSED   0x0000010c   Data   RW         7940    .data               decoder.o
    0x20000298   COMPRESSED   0x0000000c   Data   RW         8115    .data               ad8402_periph.o
    0x200002a4   COMPRESSED   0x0000000c   Data   RW         8156    .data               boost_periph.o
    0x200002b0   COMPRESSED   0x0000001c   Data   RW         8199    .data               debug_btlog.o
    0x200002cc   COMPRESSED   0x00000011   Data   RW         8279    .data               oled_periph.o
    0x200002dd   COMPRESSED   0x00000003   PAD
    0x200002e0        -       0x00000198   Zero   RW          433    .bss                adc.o
    0x20000478        -       0x00000014   Zero   RW          481    .bss                dac.o
    0x2000048c        -       0x00000064   Zero   RW          547    .bss                fdcan.o
    0x200004f0        -       0x0000004c   Zero   RW          589    .bss                i2c.o
    0x2000053c        -       0x00000064   Zero   RW          631    .bss                spi.o
    0x200005a0        -       0x0000017c   Zero   RW          677    .bss                tim.o
    0x2000071c        -       0x000002d0   Zero   RW          741    .bss                usart.o
    0x200009ec        -       0x0000004c   Zero   RW          968    .bss                stm32g4xx_hal_timebase_tim.o
    0x20000a38        -       0x000000f0   Zero   RW         6837    .bss                tasks.o
    0x20000b28        -       0x00004e20   Zero   RW         7485    .bss                heap_4.o
    0x20005948        -       0x00000014   Zero   RW         7775    .bss                power_control.o
    0x2000595c        -       0x00000078   Zero   RW         7836    .bss                cap_control.o
    0x200059d4        -       0x000003b8   Zero   RW         7939    .bss                decoder.o
    0x20005d8c        -       0x00000ed8   Zero   RW         8197    .bss                debug_btlog.o
    0x20006c64        -       0x000004ad   Zero   RW         8278    .bss                oled_periph.o
    0x20007111   COMPRESSED   0x00000003   PAD
    0x20007114        -       0x00000118   Zero   RW         8415    .bss                adc_util.o
    0x2000722c        -       0x00000014   Zero   RW         8473    .bss                dac_util.o
    0x20007240        -       0x00000088   Zero   RW         8592    .bss                fdcan_util.o
    0x200072c8        -       0x00000400   Zero   RW            1    STACK               startup_stm32g473xx.o


==============================================================================

Image component sizes


      Code (inc. data)   RO Data    RW Data    ZI Data      Debug   Object Name

       156         22          0         12          0       2342   ad8402_periph.o
       956         68          0          4        408       3022   adc.o
       148         24          0          0        280       3554   adc_util.o
       302         46        338         40          0       2642   app_freertos.o
       112         10          0         12          0       2232   boost_periph.o
      2378        222          0        224        120      11981   cap_control.o
        96          0          0          0          0      12647   cmsis_os.o
       204         18          0          0         20       1701   dac.o
       216         46          0          0         20       1887   dac_util.o
       956        214          0         28       3800       6949   debug_btlog.o
      1592        204          0        268        952       5970   decoder.o
       144          6          0          0          0        818   dma.o
       476         66          0          0          0       2754   error_handle.o
         0          0          0          0          0       7624   event_groups.o
       288         22          0          0        100       1767   fdcan.o
       312         26          0          0        136       3849   fdcan_util.o
        50          0          0          0          0       1401   filter_alg.o
         0          0       5236          0          0        689   font_lib.o
       248         14          0          0          0        983   gpio.o
       724         74          0         32      20000       7379   heap_4.o
       296         26          0          0         76       1769   i2c.o
        58          0          0          0          0       1511   i2c_util.o
       148          0          0          0          0       3534   list.o
       264         14          0          0          0     742052   main.o
      1318        154          0         17       1197      10606   oled_periph.o
       292          6          0          0          0       3499   pid_alg.o
       894         78          0         12          0      11088   port.o
       808        118          0          8         20       3327   power_control.o
       220         44          0          0          0       3296   power_path_control.o
       134          0          0          0          0       1922   queue_str.o
       204         22          0          0        100       1657   spi.o
        36          8        472          0       1024        844   startup_stm32g473xx.o
       146         28          0         12          0       4743   stm32g4xx_hal.o
      3694        126          0          0          0      86087   stm32g4xx_hal_adc.o
       472         18          0          0          0      71293   stm32g4xx_hal_adc_ex.o
       258         22          0          0          0      33542   stm32g4xx_hal_cortex.o
       820         10          0          0          0       4038   stm32g4xx_hal_dac.o
      1204         22          0          0          0       7146   stm32g4xx_hal_dma.o
      2202         26         16          0          0      18197   stm32g4xx_hal_fdcan.o
       490         32          0          0          0       2681   stm32g4xx_hal_gpio.o
      1242         18          0          0          0       8533   stm32g4xx_hal_i2c.o
       210          0          0          0          0       1935   stm32g4xx_hal_i2c_ex.o
        88          6          0          0          0        854   stm32g4xx_hal_msp.o
       300         18          0          0          0       1397   stm32g4xx_hal_pwr_ex.o
      2340        118          0          0          0       7861   stm32g4xx_hal_rcc.o
       880          8          0          0          0       1864   stm32g4xx_hal_rcc_ex.o
      1306         12          0          0          0       5498   stm32g4xx_hal_spi.o
      1614        104          0          0          0      10464   stm32g4xx_hal_tim.o
       198         26          0          0          0       5460   stm32g4xx_hal_tim_ex.o
       156         20          0          0         76       1408   stm32g4xx_hal_timebase_tim.o
      3416         98         24          0          0      34247   stm32g4xx_hal_uart.o
       360         10         16          0          0       5382   stm32g4xx_hal_uart_ex.o
       306         92          0          0          0      10290   stm32g4xx_it.o
        20          6         24          4          0       1115   system_stm32g4xx.o
      1866        268          0         60        240      18557   tasks.o
       832         66          0          0        380       4386   tim.o
       244         14          0          0          0       3277   uart_util.o
       944         68          0          0        720       3489   usart.o

    ----------------------------------------------------------------------
     39684       2788       6160        736      29672    1221040   Object Totals
         0          0         32          0          0          0   (incl. Generated)
        46          0          2          3          3          0   (incl. Padding)

    ----------------------------------------------------------------------

      Code (inc. data)   RO Data    RW Data    ZI Data      Debug   Library Member Name

        86          0          0          0          0          0   __dczerorl2.o
         0          0          0          0          0          0   entry.o
         0          0          0          0          0          0   entry10a.o
         0          0          0          0          0          0   entry11a.o
         4          0          0          0          0          0   entry12b.o
         8          4          0          0          0          0   entry2.o
         4          0          0          0          0          0   entry5.o
         0          0          0          0          0          0   entry7b.o
         0          0          0          0          0          0   entry8b.o
         8          4          0          0          0          0   entry9a.o
        30          0          0          0          0          0   handlers.o
        36          8          0          0          0         68   init.o
         0          0          0          0          0          0   iusefp.o
        30          0          0          0          0         68   llshl.o
        36          0          0          0          0         68   llsshr.o
        32          0          0          0          0         68   llushr.o
        36          0          0          0          0         68   memcpya.o
        36          0          0          0          0        108   memseta.o
      2236         86          0          0          0        532   printfa.o
        44          0          0          0          0         80   uidiv.o
        98          0          0          0          0         92   uldiv.o
        48          0          0          0          0         68   cdrcmple.o
       334          0          0          0          0        148   dadd.o
       222          0          0          0          0        100   ddiv.o
       186          0          0          0          0        176   depilogue.o
        48          0          0          0          0         68   dfixul.o
       228          0          0          0          0         96   dmul.o
        38          0          0          0          0         68   f2d.o

    ----------------------------------------------------------------------
      3836        102          0          0          0       1876   Library Totals
         8          0          0          0          0          0   (incl. Padding)

    ----------------------------------------------------------------------

      Code (inc. data)   RO Data    RW Data    ZI Data      Debug   Library Name

      2724        102          0          0          0       1152   mc_w.l
      1104          0          0          0          0        724   mf_w.l

    ----------------------------------------------------------------------
      3836        102          0          0          0       1876   Library Totals

    ----------------------------------------------------------------------

==============================================================================


      Code (inc. data)   RO Data    RW Data    ZI Data      Debug   

     43520       2890       6160        736      29672    1191164   Grand Totals
     43520       2890       6160        184      29672    1191164   ELF Image Totals (compressed)
     43520       2890       6160        184          0          0   ROM Totals

==============================================================================

    Total RO  Size (Code + RO Data)                49680 (  48.52kB)
    Total RW  Size (RW Data + ZI Data)             30408 (  29.70kB)
    Total ROM Size (Code + RO Data + RW Data)      49864 (  48.70kB)

==============================================================================

