<html>
<body>
<pre>
<h1>µVision Build Log</h1>
<h2>Tool Versions:</h2>
IDE-Version: ¦ÌVision V5.36.0.0
Copyright (C) 2021 ARM Ltd and ARM Germany GmbH. All rights reserved.
License Information: g g, k, LIC=SDA0P-M9SCD-63RMB-2LQ9X-KLD24-PZCS7
 
Tool Versions:
Toolchain:       MDK-ARM Plus  Version: 5.36.0.0
Toolchain Path:  D:\APP\keil5\ARM\ARMCC\Bin
C Compiler:      Armcc.exe V5.06 update 7 (build 960)
Assembler:       Armasm.exe V5.06 update 7 (build 960)
Linker/Locator:  ArmLink.exe V5.06 update 7 (build 960)
Library Manager: ArmAr.exe V5.06 update 7 (build 960)
Hex Converter:   FromElf.exe V5.06 update 7 (build 960)
CPU DLL:         SARMCM3.DLL V5.36.0.0
Dialog DLL:      DCM.DLL V1.17.3.0
Target DLL:      Segger\JL2CM3.dll V2.99.40.0
Dialog DLL:      TCM.DLL V1.53.0.0
 
<h2>Project:</h2>
D:\code\stm32\super_cap_buck_v3\MDK-ARM\super_cap_buck_v3.uvprojx
Project File Date:  07/12/2022

<h2>Output:</h2>
*** Using Compiler 'V5.06 update 7 (build 960)', folder: 'D:\APP\keil5\ARM\ARMCC\Bin'
Build target 'super_cap_buck_v3'
compiling Decoder.c...
USER\Cap_Control\Error_Handle.h(17): warning:  #1295-D: Deprecated declaration Communicate_Offline_Error_Handle - give arg types
  void Communicate_Offline_Error_Handle();
USER\Cap_Control\Decoder.c(177): warning:  #188-D: enumerated type mixed with another type
  	Cap_Control_State.Chassis_Starting_State = ((rxdata[1]&0x04)>>2) ;
USER\Cap_Control\Decoder.c(178): warning:  #188-D: enumerated type mixed with another type
  	Cap_Control_State.Chassis_Down_State = ((rxdata[1]& 0x02)>>1) ;
USER\Cap_Control\Decoder.c(179): warning:  #188-D: enumerated type mixed with another type
  	Cap_Control_State.Motor_Safety_State = ((rxdata[1]&0x02)>>1);
USER\Cap_Control\Decoder.c(180): warning:  #188-D: enumerated type mixed with another type
  	Cap_Control_State.Chassis_Power_State = ((rxdata[2]&0x04)>>2) || (Adc_Vcc>=20.0f);
USER\Cap_Control\Decoder.c: 5 warnings, 0 errors
compiling adc_util.c...
compiling oled_periph.c...
compiling Cap_Control.c...
USER\Cap_Control\Cap_Control.c(15): warning:  #188-D: enumerated type mixed with another type
  Cap_Control_Typedef Cap_Control_State = {0,0,0,26,40,22,100,0,0,60,0,9.0f,1,0,0, 0,0,0,1,1,0,0,50};
USER\Cap_Control\Cap_Control.c(15): warning:  #188-D: enumerated type mixed with another type
  Cap_Control_Typedef Cap_Control_State = {0,0,0,26,40,22,100,0,0,60,0,9.0f,1,0,0, 0,0,0,1,1,0,0,50};
USER\Cap_Control\Cap_Control.c(15): warning:  #188-D: enumerated type mixed with another type
  Cap_Control_Typedef Cap_Control_State = {0,0,0,26,40,22,100,0,0,60,0,9.0f,1,0,0, 0,0,0,1,1,0,0,50};
USER\Cap_Control\Cap_Control.c(15): warning:  #188-D: enumerated type mixed with another type
  Cap_Control_Typedef Cap_Control_State = {0,0,0,26,40,22,100,0,0,60,0,9.0f,1,0,0, 0,0,0,1,1,0,0,50};
USER\Cap_Control\Cap_Control.c(15): warning:  #188-D: enumerated type mixed with another type
  Cap_Control_Typedef Cap_Control_State = {0,0,0,26,40,22,100,0,0,60,0,9.0f,1,0,0, 0,0,0,1,1,0,0,50};
USER\Cap_Control\Cap_Control.c(88): warning:  #188-D: enumerated type mixed with another type
  	Cap_Control_State.Motor_Safety_State = 1;
USER\Cap_Control\Cap_Control.c(89): warning:  #188-D: enumerated type mixed with another type
  	Cap_Control_State.Chassis_Power_State = 1;
USER\Cap_Control\Cap_Control.c: 7 warnings, 0 errors
linking...
Program Size: Code=43520 RO-data=6160 RW-data=736 ZI-data=29672  
FromELF: creating hex file...
"super_cap_buck_v3\super_cap_buck_v3.axf" - 0 Error(s), 12 Warning(s).

<h2>Software Packages used:</h2>

Package Vendor: ARM
                http://www.keil.com/pack/ARM.CMSIS.5.8.0.pack
                ARM.CMSIS.5.8.0
                CMSIS (Common Microcontroller Software Interface Standard)
   * Component: CORE Version: 5.5.0

Package Vendor: Keil
                http://www.keil.com/pack/Keil.STM32G4xx_DFP.1.4.0.pack
                Keil.STM32G4xx_DFP.1.4.0
                STMicroelectronics STM32G4 Series Device Support, Drivers and Examples

<h2>Collection of Component include folders:</h2>
  .\RTE\_super_cap_buck_v3
  D:\APP\keil5\pack\ARM\CMSIS\5.8.0\CMSIS\Core\Include
  D:\APP\keil5\pack\Keil\STM32G4xx_DFP\1.4.0\Drivers\CMSIS\Device\ST\STM32G4xx\Include

<h2>Collection of Component Files used:</h2>

   * Component: ARM::CMSIS:CORE:5.5.0
      Include file:  CMSIS\Core\Include\tz_context.h
Build Time Elapsed:  00:00:07
</pre>
</body>
</html>
